Component: ARM Compiler 5.06 update 6 (build 750) Tool: armlink [4d35ed]

==============================================================================

Section Cross References

    bsp_clock.o(i.bsp_clock_init) refers to cs.o(i.CS_setExternalClockSourceFrequency) for CS_setExternalClockSourceFrequency
    bsp_clock.o(i.bsp_clock_init) refers to cs.o(i.CS_startHFXT) for CS_startHFXT
    bsp_delay.o(i.bsp_delay_GetTick) refers to bsp_delay.o(.data) for uwTick
    bsp_delay.o(i.bsp_delay_IncTick) refers to bsp_delay.o(.data) for uwTick
    bsp_delay.o(i.bsp_delay_ms) refers to bsp_delay.o(i.bsp_delay_GetTick) for bsp_delay_GetTick
    bsp_flash.o(i.bsp_flash_read) refers to bsp_flash.o(.data) for CALIBRATION_START
    bsp_flash.o(i.bsp_flash_write) refers to bsp_flash.o(.data) for CALIBRATION_START
    bsp_iic.o(i.bsp_iic_init) refers to gpio.o(i.GPIO_setAsPeripheralModuleFunctionOutputPin) for GPIO_setAsPeripheralModuleFunctionOutputPin
    bsp_iic.o(i.bsp_iic_init) refers to cs.o(i.CS_getMCLK) for CS_getMCLK
    bsp_iic.o(i.bsp_iic_init) refers to i2c.o(i.I2C_initMaster) for I2C_initMaster
    bsp_iic.o(i.bsp_iic_init) refers to bsp_iic.o(.data) for iic1_config
    bsp_iic.o(i.bsp_iic_write) refers to i2c.o(i.I2C_isBusBusy) for I2C_isBusBusy
    bsp_iic.o(i.bsp_iic_write) refers to i2c.o(i.I2C_disableModule) for I2C_disableModule
    bsp_iic.o(i.bsp_iic_write) refers to i2c.o(i.I2C_initMaster) for I2C_initMaster
    bsp_iic.o(i.bsp_iic_write) refers to i2c.o(i.I2C_setSlaveAddress) for I2C_setSlaveAddress
    bsp_iic.o(i.bsp_iic_write) refers to i2c.o(i.I2C_enableModule) for I2C_enableModule
    bsp_iic.o(i.bsp_iic_write) refers to i2c.o(i.I2C_enableInterrupt) for I2C_enableInterrupt
    bsp_iic.o(i.bsp_iic_write) refers to i2c.o(i.I2C_masterSendMultiByteStart) for I2C_masterSendMultiByteStart
    bsp_iic.o(i.bsp_iic_write) refers to interrupt.o(i.Interrupt_enableInterrupt) for Interrupt_enableInterrupt
    bsp_iic.o(i.bsp_iic_write) refers to i2c.o(i.I2C_disableInterrupt) for I2C_disableInterrupt
    bsp_iic.o(i.bsp_iic_write) refers to interrupt.o(i.Interrupt_disableInterrupt) for Interrupt_disableInterrupt
    bsp_iic.o(i.bsp_iic_write) refers to bsp_iic.o(.data) for pData
    bsp_pwm.o(i.bsp_pwm_init) refers to bsp_pwm.o(.data) for pwm1_config
    bsp_pwm.o(i.bsp_pwm_set) refers to bsp_pwm.o(.data) for pwm1_config
    bsp_spi.o(i.bsp_spi0_rw) refers to spi.o(i.SPI_receiveData) for SPI_receiveData
    bsp_spi.o(i.bsp_spi_init) refers to spi.o(i.SPI_clearInterruptFlag) for SPI_clearInterruptFlag
    bsp_spi.o(i.bsp_spi_init) refers to spi.o(i.SPI_enableInterrupt) for SPI_enableInterrupt
    bsp_spi.o(i.bsp_spi_init) refers to interrupt.o(i.Interrupt_enableInterrupt) for Interrupt_enableInterrupt
    bsp_spi.o(i.bsp_spi_init) refers to bsp_spi.o(.constdata) for spi0_config
    bsp_uart.o(i.bsp_uart0_transmitString_DMA) refers to dma.o(i.DMA_getChannelMode) for DMA_getChannelMode
    bsp_uart.o(i.bsp_uart0_transmitString_DMA) refers to uart.o(i.UART_getTransmitBufferAddressForDMA) for UART_getTransmitBufferAddressForDMA
    bsp_uart.o(i.bsp_uart_analysis) refers to bsp_uart.o(.data) for status
    bsp_uart.o(i.bsp_uart_analysis) refers to bsp_uart.o(.bss) for uart_rec_buffer
    bsp_uart.o(i.bsp_uart_init) refers to bsp_uart.o(.constdata) for bsp_uart0_config
    bsp_uart.o(i.bsp_uart_init) refers to bsp_uart.o(.bss) for controlTable
    bsp_uart.o(i.fputc) refers to uart.o(i.UART_transmitData) for UART_transmitData
    bsp_adc.o(i.bsp_adc_calVoltage) refers to bsp_adc.o(i.bsp_adc_MidSumFilter) for bsp_adc_MidSumFilter
    bsp_adc.o(i.bsp_adc_calVoltage) refers to bsp_adc.o(.bss) for bsp_adc_OriginalData
    bsp_adc.o(i.bsp_adc_init) refers to bsp_adc.o(.constdata) for upModeConfig
    bsp_ads1292.o(i.ADS1292_Init) refers to gpio.o(i.GPIO_setAsInputPinWithPullUpResistor) for GPIO_setAsInputPinWithPullUpResistor
    bsp_ads1292.o(i.ADS1292_Init) refers to gpio.o(i.GPIO_setAsOutputPin) for GPIO_setAsOutputPin
    bsp_ads1292.o(i.ADS1292_PowerOnInit) refers to gpio.o(i.GPIO_setOutputHighOnPin) for GPIO_setOutputHighOnPin
    bsp_ads1292.o(i.ADS1292_PowerOnInit) refers to gpio.o(i.GPIO_setOutputLowOnPin) for GPIO_setOutputLowOnPin
    bsp_ads1292.o(i.ADS1292_PowerOnInit) refers to bsp_delay.o(i.bsp_delay_ms) for bsp_delay_ms
    bsp_ads1292.o(i.ADS1292_PowerOnInit) refers to bsp_delay.o(i.bsp_delay_us) for bsp_delay_us
    bsp_ads1292.o(i.ADS1292_PowerOnInit) refers to bsp_spi.o(i.bsp_spi0_send_byte) for bsp_spi0_send_byte
    bsp_ads1292.o(i.ADS1292_PowerOnInit) refers to bsp_ads1292.o(i.ADS1292_Read_Reg) for ADS1292_Read_Reg
    bsp_ads1292.o(i.ADS1292_PowerOnInit) refers to printf8.o(i.__0printf$8) for __2printf
    bsp_ads1292.o(i.ADS1292_PowerOnInit) refers to bsp_led.o(i.bsp_led_toggle) for bsp_led_toggle
    bsp_ads1292.o(i.ADS1292_PowerOnInit) refers to bsp_ads1292.o(i.ADS1292_Write_Reg) for ADS1292_Write_Reg
[...]
    ../clib/microlib/init/entry.s            0x00000000   Number         0  entry.o ABSOLUTE
    ../clib/microlib/init/entry.s            0x00000000   Number         0  entry11b.o ABSOLUTE
    ../clib/microlib/init/entry.s            0x00000000   Number         0  entry7a.o ABSOLUTE
    ../clib/microlib/longlong.c              0x00000000   Number         0  llshl.o ABSOLUTE
    ../clib/microlib/longlong.c              0x00000000   Number         0  llushr.o ABSOLUTE
    ../clib/microlib/longlong.c              0x00000000   Number         0  llsshr.o ABSOLUTE
    ../clib/microlib/printf/printf.c         0x00000000   Number         0  printf2.o ABSOLUTE
    ../clib/microlib/printf/printf.c         0x00000000   Number         0  printf5.o ABSOLUTE
    ../clib/microlib/printf/printf.c         0x00000000   Number         0  printf7.o ABSOLUTE
    ../clib/microlib/printf/printf.c         0x00000000   Number         0  printf4.o ABSOLUTE
    ../clib/microlib/printf/printf.c         0x00000000   Number         0  printfa.o ABSOLUTE
    ../clib/microlib/printf/printf.c         0x00000000   Number         0  printf6.o ABSOLUTE
    ../clib/microlib/printf/printf.c         0x00000000   Number         0  printf1.o ABSOLUTE
    ../clib/microlib/printf/printf.c         0x00000000   Number         0  printfb.o ABSOLUTE
    ../clib/microlib/printf/printf.c         0x00000000   Number         0  printf8.o ABSOLUTE
    ../clib/microlib/printf/printf.c         0x00000000   Number         0  printf0.o ABSOLUTE
    ../clib/microlib/printf/printf.c         0x00000000   Number         0  printf3.o ABSOLUTE
    ../clib/microlib/printf/stubs.s          0x00000000   Number         0  stubs.o ABSOLUTE
    ../clib/microlib/stdio/streams.c         0x00000000   Number         0  stdout.o ABSOLUTE
    ../clib/microlib/string/memcpy.c         0x00000000   Number         0  memcpyb.o ABSOLUTE
    ../clib/microlib/string/memcpy.c         0x00000000   Number         0  memcpya.o ABSOLUTE
    ../clib/microlib/string/memset.c         0x00000000   Number         0  memset.o ABSOLUTE
    ../clib/microlib/string/memset.c         0x00000000   Number         0  memseta.o ABSOLUTE
    ../clib/microlib/stubs.s                 0x00000000   Number         0  iusefp.o ABSOLUTE
    ../fplib/microlib/fpadd.c                0x00000000   Number         0  dadd.o ABSOLUTE
    ../fplib/microlib/fpdiv.c                0x00000000   Number         0  ddiv.o ABSOLUTE
    ../fplib/microlib/fpepilogue.c           0x00000000   Number         0  depilogue.o ABSOLUTE
    ../fplib/microlib/fpfix.c                0x00000000   Number         0  dfixul.o ABSOLUTE
    ../fplib/microlib/fpmul.c                0x00000000   Number         0  dmul.o ABSOLUTE
    ..\App\app_dt.c                          0x00000000   Number         0  app_dt.o ABSOLUTE
    ..\App\app_math.c                        0x00000000   Number         0  app_math.o ABSOLUTE
    ..\Bsp\bsp_adc.c                         0x00000000   Number         0  bsp_adc.o ABSOLUTE
    ..\Bsp\bsp_ads1292.c                     0x00000000   Number         0  bsp_ads1292.o ABSOLUTE
    ..\Bsp\bsp_button.c                      0x00000000   Number         0  bsp_button.o ABSOLUTE
    ..\Bsp\bsp_clock.c                       0x00000000   Number         0  bsp_clock.o ABSOLUTE
    ..\Bsp\bsp_delay.c                       0x00000000   Number         0  bsp_delay.o ABSOLUTE
    ..\Bsp\bsp_flash.c                       0x00000000   Number         0  bsp_flash.o ABSOLUTE
    ..\Bsp\bsp_gimbal.c                      0x00000000   Number         0  bsp_gimbal.o ABSOLUTE
    ..\Bsp\bsp_iic.c                         0x00000000   Number         0  bsp_iic.o ABSOLUTE
    ..\Bsp\bsp_led.c                         0x00000000   Number         0  bsp_led.o ABSOLUTE
    ..\Bsp\bsp_pwm.c                         0x00000000   Number         0  bsp_pwm.o ABSOLUTE
    ..\Bsp\bsp_rgb.c                         0x00000000   Number         0  bsp_rgb.o ABSOLUTE
    ..\Bsp\bsp_spi.c                         0x00000000   Number         0  bsp_spi.o ABSOLUTE
    ..\Bsp\bsp_st7789.c                      0x00000000   Number         0  bsp_st7789.o ABSOLUTE
    ..\Bsp\bsp_uart.c                        0x00000000   Number         0  bsp_uart.o ABSOLUTE
    ..\Bsp\msp432_it.c                       0x00000000   Number         0  msp432_it.o ABSOLUTE
    ..\FreeRTOS\croutine.c                   0x00000000   Number         0  croutine.o ABSOLUTE
    ..\FreeRTOS\event_groups.c               0x00000000   Number         0  event_groups.o ABSOLUTE
    ..\FreeRTOS\list.c                       0x00000000   Number         0  list.o ABSOLUTE
    ..\FreeRTOS\portable\MemMang\heap_4.c    0x00000000   Number         0  heap_4.o ABSOLUTE
    ..\FreeRTOS\portable\RVDS\ARM_CM4F\port.c 0x00000000   Number         0  port.o ABSOLUTE
    ..\FreeRTOS\queue.c                      0x00000000   Number         0  queue.o ABSOLUTE
    ..\FreeRTOS\stream_buffer.c              0x00000000   Number         0  stream_buffer.o ABSOLUTE
    ..\FreeRTOS\tasks.c                      0x00000000   Number         0  tasks.o ABSOLUTE
    ..\FreeRTOS\timers.c                     0x00000000   Number         0  timers.o ABSOLUTE
    ..\\App\\app_dt.c                        0x00000000   Number         0  app_dt.o ABSOLUTE
    ..\\App\\app_math.c                      0x00000000   Number         0  app_math.o ABSOLUTE
    ..\\Bsp\\bsp_adc.c                       0x00000000   Number         0  bsp_adc.o ABSOLUTE
    ..\\Bsp\\bsp_ads1292.c                   0x00000000   Number         0  bsp_ads1292.o ABSOLUTE
    ..\\Bsp\\bsp_button.c                    0x00000000   Number         0  bsp_button.o ABSOLUTE
    ..\\Bsp\\bsp_clock.c                     0x00000000   Number         0  bsp_clock.o ABSOLUTE
    ..\\Bsp\\bsp_delay.c                     0x00000000   Number         0  bsp_delay.o ABSOLUTE
    ..\\Bsp\\bsp_flash.c                     0x00000000   Number         0  bsp_flash.o ABSOLUTE
    ..\\Bsp\\bsp_gimbal.c                    0x00000000   Number         0  bsp_gimbal.o ABSOLUTE
    ..\\Bsp\\bsp_iic.c                       0x00000000   Number         0  bsp_iic.o ABSOLUTE
    ..\\Bsp\\bsp_led.c                       0x00000000   Number         0  bsp_led.o ABSOLUTE
    ..\\Bsp\\bsp_pwm.c                       0x00000000   Number         0  bsp_pwm.o ABSOLUTE
    ..\\Bsp\\bsp_rgb.c                       0x00000000   Number         0  bsp_rgb.o ABSOLUTE
    ..\\Bsp\\bsp_spi.c                       0x00000000   Number         0  bsp_spi.o ABSOLUTE
    ..\\Bsp\\bsp_st7789.c                    0x00000000   Number         0  bsp_st7789.o ABSOLUTE
    ..\\Bsp\\bsp_uart.c                      0x00000000   Number         0  bsp_uart.o ABSOLUTE
    ..\\Bsp\\msp432_it.c                     0x00000000   Number         0  msp432_it.o ABSOLUTE
    ..\\FreeRTOS\\croutine.c                 0x00000000   Number         0  croutine.o ABSOLUTE
    ..\\FreeRTOS\\event_groups.c             0x00000000   Number         0  event_groups.o ABSOLUTE
    ..\\FreeRTOS\\list.c                     0x00000000   Number         0  list.o ABSOLUTE
    ..\\FreeRTOS\\portable\\MemMang\\heap_4.c 0x00000000   Number         0  heap_4.o ABSOLUTE
    ..\\FreeRTOS\\portable\\RVDS\\ARM_CM4F\\port.c 0x00000000   Number         0  port.o ABSOLUTE
    ..\\FreeRTOS\\queue.c                    0x00000000   Number         0  queue.o ABSOLUTE
    ..\\FreeRTOS\\stream_buffer.c            0x00000000   Number         0  stream_buffer.o ABSOLUTE
    ..\\FreeRTOS\\tasks.c                    0x00000000   Number         0  tasks.o ABSOLUTE
    ..\\FreeRTOS\\timers.c                   0x00000000   Number         0  timers.o ABSOLUTE
    RTE\Device\MSP432P401R\startup_msp432p401r_uvision.s 0x00000000   Number         0  startup_msp432p401r_uvision.o ABSOLUTE
    RTE\Device\MSP432P401R\system_msp432p401r.c 0x00000000   Number         0  system_msp432p401r.o ABSOLUTE
    RTE\\Device\\MSP432P401R\\system_msp432p401r.c 0x00000000   Number         0  system_msp432p401r.o ABSOLUTE
    adc14.c                                  0x00000000   Number         0  adc14.o ABSOLUTE
    adc14.c                                  0x00000000   Number         0  adc14.o ABSOLUTE
    cdrcmple.s                               0x00000000   Number         0  cdrcmple.o ABSOLUTE
    cpu.c                                    0x00000000   Number         0  cpu.o ABSOLUTE
    cpu.c                                    0x00000000   Number         0  cpu.o ABSOLUTE
    cs.c                                     0x00000000   Number         0  cs.o ABSOLUTE
    cs.c                                     0x00000000   Number         0  cs.o ABSOLUTE
    dc.s                                     0x00000000   Number         0  dc.o ABSOLUTE
    dma.c                                    0x00000000   Number         0  dma.o ABSOLUTE
    dma.c                                    0x00000000   Number         0  dma.o ABSOLUTE
    fpu.c                                    0x00000000   Number         0  fpu.o ABSOLUTE
    fpu.c                                    0x00000000   Number         0  fpu.o ABSOLUTE
    gpio.c                                   0x00000000   Number         0  gpio.o ABSOLUTE
    gpio.c                                   0x00000000   Number         0  gpio.o ABSOLUTE
    handlers.s                               0x00000000   Number         0  handlers.o ABSOLUTE
    i2c.c                                    0x00000000   Number         0  i2c.o ABSOLUTE
    i2c.c                                    0x00000000   Number         0  i2c.o ABSOLUTE
    init.s                                   0x00000000   Number         0  init.o ABSOLUTE
    interrupt.c                              0x00000000   Number         0  interrupt.o ABSOLUTE
    interrupt.c                              0x00000000   Number         0  interrupt.o ABSOLUTE
    main.c                                   0x00000000   Number         0  main.o ABSOLUTE
    main.c                                   0x00000000   Number         0  main.o ABSOLUTE
    spi.c                                    0x00000000   Number         0  spi.o ABSOLUTE
    spi.c                                    0x00000000   Number         0  spi.o ABSOLUTE
    sysctl.c                                 0x00000000   Number         0  sysctl.o ABSOLUTE
    sysctl.c                                 0x00000000   Number         0  sysctl.o ABSOLUTE
    uart.c                                   0x00000000   Number         0  uart.o ABSOLUTE
    uart.c                                   0x00000000   Number         0  uart.o ABSOLUTE
    wdt_a.c                                  0x00000000   Number         0  wdt_a.o ABSOLUTE
    wdt_a.c                                  0x00000000   Number         0  wdt_a.o ABSOLUTE
    .ARM.Collect$$$$00000000                 0x00000144   Section        0  entry.o(.ARM.Collect$$$$00000000)
    .ARM.Collect$$$$00000001                 0x00000144   Section        4  entry2.o(.ARM.Collect$$$$00000001)
    .ARM.Collect$$$$00000004                 0x00000148   Section        4  entry5.o(.ARM.Collect$$$$00000004)
    .ARM.Collect$$$$00000008                 0x0000014c   Section        0  entry7b.o(.ARM.Collect$$$$00000008)
    .ARM.Collect$$$$0000000A                 0x0000014c   Section        0  entry8b.o(.ARM.Collect$$$$0000000A)
    .ARM.Collect$$$$0000000B                 0x0000014c   Section        8  entry9a.o(.ARM.Collect$$$$0000000B)
    .ARM.Collect$$$$0000000D                 0x00000154   Section        0  entry10a.o(.ARM.Collect$$$$0000000D)
    .ARM.Collect$$$$0000000F                 0x00000154   Section        0  entry11a.o(.ARM.Collect$$$$0000000F)
    .ARM.Collect$$$$00002712                 0x00000154   Section        4  entry2.o(.ARM.Collect$$$$00002712)
    __lit__00000000                          0x00000154   Data           4  entry2.o(.ARM.Collect$$$$00002712)
    .emb_text                                0x00000158   Section      190  port.o(.emb_text)
    $v0                                      0x00000158   Number         0  port.o(.emb_text)
    .emb_text                                0x00000218   Section       38  cpu.o(.emb_text)
    $v0                                      0x00000218   Number         0  cpu.o(.emb_text)
    .text                                    0x00000240   Section       36  startup_msp432p401r_uvision.o(.text)
    $v0                                      0x00000240   Number         0  startup_msp432p401r_uvision.o(.text)
    .text                                    0x00000264   Section        0  memcpya.o(.text)
    .text                                    0x00000288   Section       36  init.o(.text)
    .text                                    0x000002ac   Section        0  __dczerorl2.o(.text)
    i.ADC14_IRQHandler                       0x00000304   Section        0  msp432_it.o(i.ADC14_IRQHandler)
    i.ADC14_getMultiSequenceResult           0x0000037c   Section        0  adc14.o(i.ADC14_getMultiSequenceResult)
    i.ADS1292_Init                           0x000003d0   Section        0  bsp_ads1292.o(i.ADS1292_Init)
    i.Address_set                            0x00000404   Section        0  bsp_st7789.o(i.Address_set)
    i.BusFault_Handler                       0x0000045e   Section        0  msp432_it.o(i.BusFault_Handler)
    i.CS_getDCOFrequency                     0x00000464   Section        0  cs.o(i.CS_getDCOFrequency)
    i.CS_getMCLK                             0x000005d4   Section        0  cs.o(i.CS_getMCLK)
    i.CS_setExternalClockSourceFrequency     0x000005ec   Section        0  cs.o(i.CS_setExternalClockSourceFrequency)
    i.CS_startHFXT                           0x000005f8   Section        0  cs.o(i.CS_startHFXT)
    i.CS_startHFXTWithTimeout                0x00000600   Section        0  cs.o(i.CS_startHFXTWithTimeout)
    i.DMA_INT0_IRQHandler                    0x00000744   Section        0  msp432_it.o(i.DMA_INT0_IRQHandler)
    i.DebugMon_Handler                       0x00000758   Section        0  msp432_it.o(i.DebugMon_Handler)
    i.EUSCIA0_IRQHandler                     0x0000075c   Section        0  msp432_it.o(i.EUSCIA0_IRQHandler)
    i.EUSCIA2_IRQHandler                     0x00000780   Section        0  msp432_it.o(i.EUSCIA2_IRQHandler)
    i.EUSCIB0_IRQHandler                     0x000007b8   Section        0  msp432_it.o(i.EUSCIB0_IRQHandler)
    i.EUSCIB1_IRQHandler                     0x000007d0   Section        0  msp432_it.o(i.EUSCIB1_IRQHandler)
    i.EUSCIB2_IRQHandler                     0x00000850   Section        0  msp432_it.o(i.EUSCIB2_IRQHandler)
    i.FPU_enableLazyStacking                 0x00000868   Section        0  fpu.o(i.FPU_enableLazyStacking)
    i.FPU_enableModule                       0x00000878   Section        0  fpu.o(i.FPU_enableModule)
    i.GPIO_setAsInputPinWithPullUpResistor   0x00000888   Section        0  gpio.o(i.GPIO_setAsInputPinWithPullUpResistor)
    i.GPIO_setAsOutputPin                    0x000008b4   Section        0  gpio.o(i.GPIO_setAsOutputPin)
    i.GPIO_setAsPeripheralModuleFunctionOutputPin 0x000008d4   Section        0  gpio.o(i.GPIO_setAsPeripheralModuleFunctionOutputPin)
    i.GPIO_setOutputHighOnPin                0x0000091c   Section        0  gpio.o(i.GPIO_setOutputHighOnPin)
    i.GPIO_setOutputLowOnPin                 0x00000930   Section        0  gpio.o(i.GPIO_setOutputLowOnPin)
    i.HardFault_Handler                      0x00000944   Section        0  msp432_it.o(i.HardFault_Handler)
    i.I2C_clearInterruptFlag                 0x00000948   Section        0  i2c.o(i.I2C_clearInterruptFlag)
    i.I2C_getEnabledInterruptStatus          0x00000952   Section        0  i2c.o(i.I2C_getEnabledInterruptStatus)
    i.I2C_initMaster                         0x0000095a   Section        0  i2c.o(i.I2C_initMaster)
    i.Interrupt_disableMaster                0x00000994   Section        0  interrupt.o(i.Interrupt_disableMaster)
    i.Interrupt_enableInterrupt              0x000009a4   Section        0  interrupt.o(i.Interrupt_enableInterrupt)
    i.Interrupt_enableMaster                 0x00000a08   Section        0  interrupt.o(i.Interrupt_enableMaster)
    i.Interrupt_setPriorityGrouping          0x00000a18   Section        0  interrupt.o(i.Interrupt_setPriorityGrouping)
    i.LCD_Clear                              0x00000a34   Section        0  bsp_st7789.o(i.LCD_Clear)
    i.LCD_DrawPoint                          0x00000a64   Section        0  bsp_st7789.o(i.LCD_DrawPoint)
    i.LCD_ShowChar                           0x00000a84   Section        0  bsp_st7789.o(i.LCD_ShowChar)
    i.LCD_ShowNum                            0x00000b6c   Section        0  bsp_st7789.o(i.LCD_ShowNum)
    i.LCD_ShowString                         0x00000bea   Section        0  bsp_st7789.o(i.LCD_ShowString)
    i.LCD_WR_DATA                            0x00000c2e   Section        0  bsp_st7789.o(i.LCD_WR_DATA)
    i.LCD_WR_DATA8                           0x00000c4a   Section        0  bsp_st7789.o(i.LCD_WR_DATA8)
    i.LCD_WR_REG                             0x00000c5e   Section        0  bsp_st7789.o(i.LCD_WR_REG)
    i.LCD_Writ_Bus                           0x00000c74   Section        0  bsp_st7789.o(i.LCD_Writ_Bus)
    i.Lcd_Init                               0x00000c90   Section        0  bsp_st7789.o(i.Lcd_Init)
    i.MemManage_Handler                      0x00000e38   Section        0  msp432_it.o(i.MemManage_Handler)
    i.NMI_Handler                            0x00000e3c   Section        0  msp432_it.o(i.NMI_Handler)
    i.PORT1_IRQHandler                       0x00000e40   Section        0  msp432_it.o(i.PORT1_IRQHandler)
    i.SPI_clearInterruptFlag                 0x00000e90   Section        0  spi.o(i.SPI_clearInterruptFlag)
    i.SPI_enableInterrupt                    0x00000eb4   Section        0  spi.o(i.SPI_enableInterrupt)
    i.SPI_getEnabledInterruptStatus          0x00000ed4   Section        0  spi.o(i.SPI_getEnabledInterruptStatus)
    i.SysCtl_disableNMISource                0x00000f10   Section        0  sysctl.o(i.SysCtl_disableNMISource)
    i.SysCtl_enableNMISource                 0x00000f20   Section        0  sysctl.o(i.SysCtl_enableNMISource)
    i.SysCtl_getNMISourceStatus              0x00000f30   Section        0  sysctl.o(i.SysCtl_getNMISourceStatus)
    i.SysCtl_getTLVInfo                      0x00000f3c   Section        0  sysctl.o(i.SysCtl_getTLVInfo)
    i.SysTick_Handler                        0x00000f8c   Section        0  port.o(i.SysTick_Handler)
    i.SystemInit                             0x00000fc0   Section        0  system_msp432p401r.o(i.SystemInit)
    i.T32_INT1_IRQHandler                    0x00001074   Section        0  msp432_it.o(i.T32_INT1_IRQHandler)
    i.TA0_0_IRQHandler                       0x00001090   Section        0  msp432_it.o(i.TA0_0_IRQHandler)
    i.UART_receiveData                       0x000010a8   Section        0  uart.o(i.UART_receiveData)
    i.UsageFault_Handler                     0x000010c2   Section        0  msp432_it.o(i.UsageFault_Handler)
    i.WDT_A_holdTimer                        0x000010c8   Section        0  wdt_a.o(i.WDT_A_holdTimer)
    i._CSComputeCLKFrequency                 0x000010e0   Section        0  cs.o(i._CSComputeCLKFrequency)
    _CSComputeCLKFrequency                   0x000010e1   Thumb Code   236  cs.o(i._CSComputeCLKFrequency)
    i.__scatterload_copy                     0x000011ec   Section       14  handlers.o(i.__scatterload_copy)
    i.__scatterload_null                     0x000011fa   Section        2  handlers.o(i.__scatterload_null)
    i.__scatterload_zeroinit                 0x000011fc   Section       14  handlers.o(i.__scatterload_zeroinit)
    i.bsp_adc_MidSumFilter                   0x0000120c   Section        0  bsp_adc.o(i.bsp_adc_MidSumFilter)
    bsp_adc_MidSumFilter                     0x0000120d   Thumb Code   102  bsp_adc.o(i.bsp_adc_MidSumFilter)
    i.bsp_adc_calVoltage                     0x00001278   Section        0  bsp_adc.o(i.bsp_adc_calVoltage)
    i.bsp_adc_init                           0x000012b8   Section        0  bsp_adc.o(i.bsp_adc_init)
    i.bsp_button_init                        0x000013a8   Section        0  bsp_button.o(i.bsp_button_init)
    i.bsp_clock_init                         0x00001414   Section        0  bsp_clock.o(i.bsp_clock_init)
    i.bsp_delay_GetTick                      0x000014a8   Section        0  bsp_delay.o(i.bsp_delay_GetTick)
    i.bsp_delay_IncTick                      0x000014b4   Section        0  bsp_delay.o(i.bsp_delay_IncTick)
    i.bsp_delay_init                         0x000014c4   Section        0  bsp_delay.o(i.bsp_delay_init)
    i.bsp_delay_ms                           0x00001520   Section        0  bsp_delay.o(i.bsp_delay_ms)
    i.bsp_iic_init                           0x00001540   Section        0  bsp_iic.o(i.bsp_iic_init)
    i.bsp_led_init                           0x00001564   Section        0  bsp_led.o(i.bsp_led_init)
    i.bsp_led_toggle                         0x00001584   Section        0  bsp_led.o(i.bsp_led_toggle)
    i.bsp_rgb_init                           0x00001598   Section        0  bsp_rgb.o(i.bsp_rgb_init)
    i.bsp_rgb_set                            0x000015e8   Section        0  bsp_rgb.o(i.bsp_rgb_set)
    i.bsp_spi_init                           0x0000164c   Section        0  bsp_spi.o(i.bsp_spi_init)
    i.bsp_uart_analysis                      0x00001710   Section        0  bsp_uart.o(i.bsp_uart_analysis)
    i.bsp_uart_init                          0x00001860   Section        0  bsp_uart.o(i.bsp_uart_init)
    i.is_A_Module                            0x0000197c   Section        0  spi.o(i.is_A_Module)
    is_A_Module                              0x0000197d   Thumb Code    46  spi.o(i.is_A_Module)
    i.main                                   0x000019ac   Section        0  main.o(i.main)
    i.mypow                                  0x00001a84   Section        0  bsp_st7789.o(i.mypow)
    i.prvAddCurrentTaskToDelayedList         0x00001a9c   Section        0  tasks.o(i.prvAddCurrentTaskToDelayedList)
    prvAddCurrentTaskToDelayedList           0x00001a9d   Thumb Code   124  tasks.o(i.prvAddCurrentTaskToDelayedList)
    i.prvAddNewTaskToReadyList               0x00001b34   Section        0  tasks.o(i.prvAddNewTaskToReadyList)
    prvAddNewTaskToReadyList                 0x00001b35   Thumb Code   150  tasks.o(i.prvAddNewTaskToReadyList)
    i.prvCheckForValidListAndQueue           0x00001be8   Section        0  timers.o(i.prvCheckForValidListAndQueue)
    prvCheckForValidListAndQueue             0x00001be9   Thumb Code    56  timers.o(i.prvCheckForValidListAndQueue)
    i.prvCheckTasksWaitingTermination        0x00001c34   Section        0  tasks.o(i.prvCheckTasksWaitingTermination)
    prvCheckTasksWaitingTermination          0x00001c35   Thumb Code    60  tasks.o(i.prvCheckTasksWaitingTermination)
    i.prvCopyDataFromQueue                   0x00001c7c   Section        0  queue.o(i.prvCopyDataFromQueue)
    prvCopyDataFromQueue                     0x00001c7d   Thumb Code    42  queue.o(i.prvCopyDataFromQueue)
    i.prvCopyDataToQueue                     0x00001ca6   Section        0  queue.o(i.prvCopyDataToQueue)
    prvCopyDataToQueue                       0x00001ca7   Thumb Code   126  queue.o(i.prvCopyDataToQueue)
    i.prvDeleteTCB                           0x00001d24   Section        0  tasks.o(i.prvDeleteTCB)
    prvDeleteTCB                             0x00001d25   Thumb Code    18  tasks.o(i.prvDeleteTCB)
    i.prvGetNextExpireTime                   0x00001d38   Section        0  timers.o(i.prvGetNextExpireTime)
    prvGetNextExpireTime                     0x00001d39   Thumb Code    36  timers.o(i.prvGetNextExpireTime)
    i.prvHeapInit                            0x00001d60   Section        0  heap_4.o(i.prvHeapInit)
    prvHeapInit                              0x00001d61   Thumb Code    98  heap_4.o(i.prvHeapInit)
    i.prvIdleTask                            0x00001ddc   Section        0  tasks.o(i.prvIdleTask)
    prvIdleTask                              0x00001ddd   Thumb Code    32  tasks.o(i.prvIdleTask)
    i.prvInitialiseNewQueue                  0x00001e04   Section        0  queue.o(i.prvInitialiseNewQueue)
    prvInitialiseNewQueue                    0x00001e05   Thumb Code    42  queue.o(i.prvInitialiseNewQueue)
    i.prvInitialiseNewTask                   0x00001e2e   Section        0  tasks.o(i.prvInitialiseNewTask)
    prvInitialiseNewTask                     0x00001e2f   Thumb Code   180  tasks.o(i.prvInitialiseNewTask)
    i.prvInitialiseTaskLists                 0x00001ee4   Section        0  tasks.o(i.prvInitialiseTaskLists)
    prvInitialiseTaskLists                   0x00001ee5   Thumb Code    70  tasks.o(i.prvInitialiseTaskLists)
    i.prvInsertBlockIntoFreeList             0x00001f4c   Section        0  heap_4.o(i.prvInsertBlockIntoFreeList)
    prvInsertBlockIntoFreeList               0x00001f4d   Thumb Code    96  heap_4.o(i.prvInsertBlockIntoFreeList)
    i.prvInsertTimerInActiveList             0x00001fb4   Section        0  timers.o(i.prvInsertTimerInActiveList)
    prvInsertTimerInActiveList               0x00001fb5   Thumb Code    80  timers.o(i.prvInsertTimerInActiveList)
    i.prvIsQueueEmpty                        0x0000200c   Section        0  queue.o(i.prvIsQueueEmpty)
    prvIsQueueEmpty                          0x0000200d   Thumb Code    26  queue.o(i.prvIsQueueEmpty)
    i.prvIsQueueFull                         0x00002026   Section        0  queue.o(i.prvIsQueueFull)
    prvIsQueueFull                           0x00002027   Thumb Code    30  queue.o(i.prvIsQueueFull)
    i.prvNotifyQueueSetContainer             0x00002044   Section        0  queue.o(i.prvNotifyQueueSetContainer)
    prvNotifyQueueSetContainer               0x00002045   Thumb Code   172  queue.o(i.prvNotifyQueueSetContainer)
    i.prvProcessExpiredTimer                 0x000020f0   Section        0  timers.o(i.prvProcessExpiredTimer)
    prvProcessExpiredTimer                   0x000020f1   Thumb Code   110  timers.o(i.prvProcessExpiredTimer)
    i.prvProcessReceivedCommands             0x00002164   Section        0  timers.o(i.prvProcessReceivedCommands)
    prvProcessReceivedCommands               0x00002165   Thumb Code   350  timers.o(i.prvProcessReceivedCommands)
    i.prvProcessTimerOrBlockTask             0x000022c8   Section        0  timers.o(i.prvProcessTimerOrBlockTask)
    prvProcessTimerOrBlockTask               0x000022c9   Thumb Code   102  timers.o(i.prvProcessTimerOrBlockTask)
    i.prvResetNextTaskUnblockTime            0x0000233c   Section        0  tasks.o(i.prvResetNextTaskUnblockTime)
    prvResetNextTaskUnblockTime              0x0000233d   Thumb Code    40  tasks.o(i.prvResetNextTaskUnblockTime)
    i.prvSampleTimeNow                       0x0000236c   Section        0  timers.o(i.prvSampleTimeNow)
    prvSampleTimeNow                         0x0000236d   Thumb Code    40  timers.o(i.prvSampleTimeNow)
    i.prvSwitchTimerLists                    0x00002398   Section        0  timers.o(i.prvSwitchTimerLists)
    prvSwitchTimerLists                      0x00002399   Thumb Code   154  timers.o(i.prvSwitchTimerLists)
    i.prvTaskExitError                       0x0000243c   Section        0  port.o(i.prvTaskExitError)
    prvTaskExitError                         0x0000243d   Thumb Code    60  port.o(i.prvTaskExitError)
    i.prvTimerTask                           0x0000247c   Section        0  timers.o(i.prvTimerTask)
    prvTimerTask                             0x0000247d   Thumb Code    26  timers.o(i.prvTimerTask)
    i.prvUnlockQueue                         0x00002496   Section        0  queue.o(i.prvUnlockQueue)
    prvUnlockQueue                           0x00002497   Thumb Code   144  queue.o(i.prvUnlockQueue)
    i.pvPortMalloc                           0x00002528   Section        0  heap_4.o(i.pvPortMalloc)
    i.pxPortInitialiseStack                  0x00002674   Section        0  port.o(i.pxPortInitialiseStack)
    i.showhanzi                              0x000026a0   Section        0  bsp_st7789.o(i.showhanzi)
    i.task_log_Sysmonitor                    0x00002710   Section        0  main.o(i.task_log_Sysmonitor)
    i.task_main                              0x000027d8   Section        0  main.o(i.task_main)
    i.uxListRemove                           0x000027ec   Section        0  list.o(i.uxListRemove)
    i.vListInitialise                        0x00002814   Section        0  list.o(i.vListInitialise)
    i.vListInitialiseItem                    0x0000282e   Section        0  list.o(i.vListInitialiseItem)
    i.vListInsert                            0x00002834   Section        0  list.o(i.vListInsert)
    i.vListInsertEnd                         0x00002868   Section        0  list.o(i.vListInsertEnd)
    i.vPortEnterCritical                     0x00002880   Section        0  port.o(i.vPortEnterCritical)
    i.vPortExitCritical                      0x000028d4   Section        0  port.o(i.vPortExitCritical)
    i.vPortFree                              0x00002910   Section        0  heap_4.o(i.vPortFree)
    i.vPortSetupTimerInterrupt               0x000029b4   Section        0  port.o(i.vPortSetupTimerInterrupt)
    i.vPortValidateInterruptPriority         0x000029dc   Section        0  port.o(i.vPortValidateInterruptPriority)
    i.vQueueWaitForMessageRestricted         0x00002a54   Section        0  queue.o(i.vQueueWaitForMessageRestricted)
    i.vTaskDelay                             0x00002aa0   Section        0  tasks.o(i.vTaskDelay)
    i.vTaskDelayUntil                        0x00002afc   Section        0  tasks.o(i.vTaskDelayUntil)
    i.vTaskInternalSetTimeOutState           0x00002bd0   Section        0  tasks.o(i.vTaskInternalSetTimeOutState)
    i.vTaskMissedYield                       0x00002be8   Section        0  tasks.o(i.vTaskMissedYield)
    i.vTaskPlaceOnEventList                  0x00002bf4   Section        0  tasks.o(i.vTaskPlaceOnEventList)
    i.vTaskPlaceOnEventListRestricted        0x00002c2c   Section        0  tasks.o(i.vTaskPlaceOnEventListRestricted)
    i.vTaskStartScheduler                    0x00002c6c   Section        0  tasks.o(i.vTaskStartScheduler)
    i.vTaskSuspendAll                        0x00002d00   Section        0  tasks.o(i.vTaskSuspendAll)
    i.vTaskSwitchContext                     0x00002d10   Section        0  tasks.o(i.vTaskSwitchContext)
    i.xPortStartScheduler                    0x00002d9c   Section        0  port.o(i.xPortStartScheduler)
    i.xQueueGenericCreate                    0x00002f2c   Section        0  queue.o(i.xQueueGenericCreate)
    i.xQueueGenericReset                     0x00002fa8   Section        0  queue.o(i.xQueueGenericReset)
    i.xQueueGenericSend                      0x00003040   Section        0  queue.o(i.xQueueGenericSend)
    i.xQueueGenericSendFromISR               0x00003218   Section        0  queue.o(i.xQueueGenericSendFromISR)
    i.xQueueReceive                          0x00003350   Section        0  queue.o(i.xQueueReceive)
    i.xTaskCheckForTimeOut                   0x000034b8   Section        0  tasks.o(i.xTaskCheckForTimeOut)
    i.xTaskCreate                            0x00003548   Section        0  tasks.o(i.xTaskCreate)
    i.xTaskGetSchedulerState                 0x000035a8   Section        0  tasks.o(i.xTaskGetSchedulerState)
    i.xTaskGetTickCount                      0x000035c8   Section        0  tasks.o(i.xTaskGetTickCount)
    i.xTaskIncrementTick                     0x000035d4   Section        0  tasks.o(i.xTaskIncrementTick)
    i.xTaskPriorityDisinherit                0x0000371c   Section        0  tasks.o(i.xTaskPriorityDisinherit)
    i.xTaskRemoveFromEventList               0x000037d8   Section        0  tasks.o(i.xTaskRemoveFromEventList)
    i.xTaskResumeAll                         0x00003870   Section        0  tasks.o(i.xTaskResumeAll)
    i.xTimerCreateTimerTask                  0x00003974   Section        0  timers.o(i.xTimerCreateTimerTask)
    i.xTimerGenericCommand                   0x000039cc   Section        0  timers.o(i.xTimerGenericCommand)
    .constdata                               0x00003a50   Section       56  bsp_spi.o(.constdata)
    .constdata                               0x00003a88   Section       72  bsp_uart.o(.constdata)
    .constdata                               0x00003ad0   Section       40  bsp_adc.o(.constdata)
    .constdata                               0x00003af8   Section     1520  bsp_st7789.o(.constdata)
    .constdata                               0x000040e8   Section      128  adc14.o(.constdata)
    _ctlRegs                                 0x000040e8   Data         128  adc14.o(.constdata)
    .constdata                               0x00004168   Section      144  interrupt.o(.constdata)
    g_pulEnRegs                              0x00004168   Data           8  interrupt.o(.constdata)
    g_pulDisRegs                             0x00004170   Data           8  interrupt.o(.constdata)
    g_pulPendRegs                            0x00004178   Data           8  interrupt.o(.constdata)
    g_pulUnpendRegs                          0x00004180   Data           8  interrupt.o(.constdata)
    g_pulPriority                            0x00004188   Data          32  interrupt.o(.constdata)
    g_pulRegs                                0x000041a8   Data          80  interrupt.o(.constdata)
    .data                                    0x20000000   Section        4  bsp_delay.o(.data)
    .data                                    0x20000004   Section       28  bsp_iic.o(.data)
    .data                                    0x20000020   Section       26  bsp_uart.o(.data)
    status                                   0x20000036   Data           1  bsp_uart.o(.data)
    cnt                                      0x20000037   Data           1  bsp_uart.o(.data)
    length                                   0x20000038   Data           1  bsp_uart.o(.data)
    sum_check                                0x20000039   Data           1  bsp_uart.o(.data)
    .data                                    0x2000003a   Section        1  bsp_adc.o(.data)
    .data                                    0x2000003c   Section     1092  bsp_st7789.o(.data)
    .data                                    0x20000480   Section       12  main.o(.data)
    task_log_Sysmonitor_Handle               0x20000480   Data           4  main.o(.data)
    task_main_Handle                         0x20000488   Data           4  main.o(.data)
    .data                                    0x2000048c   Section       60  tasks.o(.data)
    pxDelayedTaskList                        0x20000490   Data           4  tasks.o(.data)
    pxOverflowDelayedTaskList                0x20000494   Data           4  tasks.o(.data)
    uxDeletedTasksWaitingCleanUp             0x20000498   Data           4  tasks.o(.data)
    uxCurrentNumberOfTasks                   0x2000049c   Data           4  tasks.o(.data)
    xTickCount                               0x200004a0   Data           4  tasks.o(.data)
    uxTopReadyPriority                       0x200004a4   Data           4  tasks.o(.data)
    xSchedulerRunning                        0x200004a8   Data           4  tasks.o(.data)
    xPendedTicks                             0x200004ac   Data           4  tasks.o(.data)
    xYieldPending                            0x200004b0   Data           4  tasks.o(.data)
    xNumOfOverflows                          0x200004b4   Data           4  tasks.o(.data)
    uxTaskNumber                             0x200004b8   Data           4  tasks.o(.data)
    xNextTaskUnblockTime                     0x200004bc   Data           4  tasks.o(.data)
    xIdleTaskHandle                          0x200004c0   Data           4  tasks.o(.data)
    uxSchedulerSuspended                     0x200004c4   Data           4  tasks.o(.data)
    .data                                    0x200004c8   Section       20  timers.o(.data)
    pxCurrentTimerList                       0x200004c8   Data           4  timers.o(.data)
    pxOverflowTimerList                      0x200004cc   Data           4  timers.o(.data)
    xTimerQueue                              0x200004d0   Data           4  timers.o(.data)
    xTimerTaskHandle                         0x200004d4   Data           4  timers.o(.data)
    xLastTime                                0x200004d8   Data           4  timers.o(.data)
    .data                                    0x200004dc   Section       12  port.o(.data)
    uxCriticalNesting                        0x200004dc   Data           4  port.o(.data)
    ucMaxSysCallPriority                     0x200004e0   Data           1  port.o(.data)
    ulMaxPRIGROUPValue                       0x200004e4   Data           4  port.o(.data)
    .data                                    0x200004e8   Section       32  heap_4.o(.data)
    xStart                                   0x200004e8   Data           8  heap_4.o(.data)
    pxEnd                                    0x200004f0   Data           4  heap_4.o(.data)
    xFreeBytesRemaining                      0x200004f4   Data           4  heap_4.o(.data)
    xMinimumEverFreeBytesRemaining           0x200004f8   Data           4  heap_4.o(.data)
    xNumberOfSuccessfulAllocations           0x200004fc   Data           4  heap_4.o(.data)
    xNumberOfSuccessfulFrees                 0x20000500   Data           4  heap_4.o(.data)
    xBlockAllocatedBit                       0x20000504   Data           4  heap_4.o(.data)
    .data                                    0x20000508   Section        8  cs.o(.data)
    hfxtFreq                                 0x20000508   Data           4  cs.o(.data)
    lfxtFreq                                 0x2000050c   Data           4  cs.o(.data)
    .data                                    0x20000510   Section       48  gpio.o(.data)
    GPIO_PORT_TO_BASE                        0x20000510   Data          48  gpio.o(.data)
    .bss                                     0x20000800   Section     1279  bsp_uart.o(.bss)
    .bss                                     0x20000d00   Section      312  bsp_adc.o(.bss)
    .bss                                     0x20000e38   Section      740  tasks.o(.bss)
    pxReadyTasksLists                        0x20000e38   Data         640  tasks.o(.bss)
    xDelayedTaskList1                        0x200010b8   Data          20  tasks.o(.bss)
    xDelayedTaskList2                        0x200010cc   Data          20  tasks.o(.bss)
    xPendingReadyList                        0x200010e0   Data          20  tasks.o(.bss)
    xTasksWaitingTermination                 0x200010f4   Data          20  tasks.o(.bss)
    xSuspendedTaskList                       0x20001108   Data          20  tasks.o(.bss)
    .bss                                     0x2000111c   Section       40  timers.o(.bss)
    xActiveTimerList1                        0x2000111c   Data          20  timers.o(.bss)
    xActiveTimerList2                        0x20001130   Data          20  timers.o(.bss)
    .bss                                     0x20001144   Section    51200  heap_4.o(.bss)
    ucHeap                                   0x20001144   Data       51200  heap_4.o(.bss)
    STACK                                    0x2000d948   Section     4096  startup_msp432p401r_uvision.o(STACK)

    Global Symbols

    Symbol Name                              Value     Ov Type        Size  Object(Section)

    BuildAttributes$$THM_ISAv4$E$P$D$K$B$S$7EM$VFPi3$EXTD16$VFPS$VFMA$PE$A:L22UL41UL21$X:L11$S22US41US21$IEEE1$IW$USESV6$~STKCKD$USESV7$~SHL$OTIME$ROPI$EBA8$MICROLIB$REQ8$PRES8$EABIv2 0x00000000   Number         0  anon$$obj.o ABSOLUTE
    __ARM_use_no_argv                        0x00000000   Number         0  main.o ABSOLUTE
    __Vectors                                0x00000000   Data           4  startup_msp432p401r_uvision.o(RESET)
    _printf_a                                0x00000000   Number         0  stubs.o ABSOLUTE
    _printf_c                                0x00000000   Number         0  stubs.o ABSOLUTE
    _printf_charcount                        0x00000000   Number         0  stubs.o ABSOLUTE
    _printf_d                                0x00000000   Number         0  stubs.o ABSOLUTE
    _printf_e                                0x00000000   Number         0  stubs.o ABSOLUTE
    _printf_f                                0x00000000   Number         0  stubs.o ABSOLUTE
    _printf_flags                            0x00000000   Number         0  stubs.o ABSOLUTE
    _printf_fp_dec                           0x00000000   Number         0  stubs.o ABSOLUTE
    _printf_fp_hex                           0x00000000   Number         0  stubs.o ABSOLUTE
    _printf_g                                0x00000000   Number         0  stubs.o ABSOLUTE
    _printf_i                                0x00000000   Number         0  stubs.o ABSOLUTE
    _printf_int_dec                          0x00000000   Number         0  stubs.o ABSOLUTE
    _printf_l                                0x00000000   Number         0  stubs.o ABSOLUTE
    _printf_lc                               0x00000000   Number         0  stubs.o ABSOLUTE
    _printf_ll                               0x00000000   Number         0  stubs.o ABSOLUTE
    _printf_lld                              0x00000000   Number         0  stubs.o ABSOLUTE
    _printf_lli                              0x00000000   Number         0  stubs.o ABSOLUTE
    _printf_llo                              0x00000000   Number         0  stubs.o ABSOLUTE
    _printf_llu                              0x00000000   Number         0  stubs.o ABSOLUTE
    _printf_llx                              0x00000000   Number         0  stubs.o ABSOLUTE
    _printf_longlong_dec                     0x00000000   Number         0  stubs.o ABSOLUTE
    _printf_longlong_hex                     0x00000000   Number         0  stubs.o ABSOLUTE
    _printf_longlong_oct                     0x00000000   Number         0  stubs.o ABSOLUTE
    _printf_ls                               0x00000000   Number         0  stubs.o ABSOLUTE
    _printf_mbtowc                           0x00000000   Number         0  stubs.o ABSOLUTE
    _printf_n                                0x00000000   Number         0  stubs.o ABSOLUTE
    _printf_o                                0x00000000   Number         0  stubs.o ABSOLUTE
    _printf_p                                0x00000000   Number         0  stubs.o ABSOLUTE
    _printf_percent                          0x00000000   Number         0  stubs.o ABSOLUTE
    _printf_pre_padding                      0x00000000   Number         0  stubs.o ABSOLUTE
    _printf_return_value                     0x00000000   Number         0  stubs.o ABSOLUTE
    _printf_s                                0x00000000   Number         0  stubs.o ABSOLUTE
    _printf_sizespec                         0x00000000   Number         0  stubs.o ABSOLUTE
    _printf_str                              0x00000000   Number         0  stubs.o ABSOLUTE
    _printf_truncate_signed                  0x00000000   Number         0  stubs.o ABSOLUTE
    _printf_truncate_unsigned                0x00000000   Number         0  stubs.o ABSOLUTE
    _printf_u                                0x00000000   Number         0  stubs.o ABSOLUTE
    _printf_wc                               0x00000000   Number         0  stubs.o ABSOLUTE
    _printf_wctomb                           0x00000000   Number         0  stubs.o ABSOLUTE
    _printf_widthprec                        0x00000000   Number         0  stubs.o ABSOLUTE
    _printf_x                                0x00000000   Number         0  stubs.o ABSOLUTE
    __cpp_initialize__aeabi_                  - Undefined Weak Reference
    __cxa_finalize                            - Undefined Weak Reference
    _clock_init                               - Undefined Weak Reference
    _microlib_exit                            - Undefined Weak Reference
    __Vectors_End                            0x00000144   Data           0  startup_msp432p401r_uvision.o(RESET)
    __Vectors_Size                           0x00000144   Number         0  startup_msp432p401r_uvision.o ABSOLUTE
    __main                                   0x00000145   Thumb Code     0  entry.o(.ARM.Collect$$$$00000000)
    _main_stk                                0x00000145   Thumb Code     0  entry2.o(.ARM.Collect$$$$00000001)
    _main_scatterload                        0x00000149   Thumb Code     0  entry5.o(.ARM.Collect$$$$00000004)
    __main_after_scatterload                 0x0000014d   Thumb Code     0  entry5.o(.ARM.Collect$$$$00000004)
    _main_clock                              0x0000014d   Thumb Code     0  entry7b.o(.ARM.Collect$$$$00000008)
    _main_cpp_init                           0x0000014d   Thumb Code     0  entry8b.o(.ARM.Collect$$$$0000000A)
    _main_init                               0x0000014d   Thumb Code     0  entry9a.o(.ARM.Collect$$$$0000000B)
    __rt_final_cpp                           0x00000155   Thumb Code     0  entry10a.o(.ARM.Collect$$$$0000000D)
    __rt_final_exit                          0x00000155   Thumb Code     0  entry11a.o(.ARM.Collect$$$$0000000F)
    SVC_Handler                              0x00000159   Thumb Code    28  port.o(.emb_text)
    __asm___6_port_c_39a90d8d__prvStartFirstTask 0x00000179   Thumb Code    36  port.o(.emb_text)
    __asm___6_port_c_39a90d8d__prvEnableVFP  0x000001a1   Thumb Code    16  port.o(.emb_text)
    PendSV_Handler                           0x000001b5   Thumb Code    88  port.o(.emb_text)
    vPortGetIPSR                             0x00000211   Thumb Code     6  port.o(.emb_text)
    CPU_cpsid                                0x00000219   Thumb Code     8  cpu.o(.emb_text)
    CPU_primask                              0x00000221   Thumb Code     6  cpu.o(.emb_text)
    CPU_cpsie                                0x00000227   Thumb Code     8  cpu.o(.emb_text)
    CPU_wfi                                  0x0000022f   Thumb Code     4  cpu.o(.emb_text)
    CPU_basepriSet                           0x00000233   Thumb Code     6  cpu.o(.emb_text)
    CPU_basepriGet                           0x00000239   Thumb Code     6  cpu.o(.emb_text)
    Reset_Handler                            0x00000241   Thumb Code     8  startup_msp432p401r_uvision.o(.text)
    AES256_IRQHandler                        0x0000025b   Thumb Code     0  startup_msp432p401r_uvision.o(.text)
    COMP_E0_IRQHandler                       0x0000025b   Thumb Code     0  startup_msp432p401r_uvision.o(.text)
    COMP_E1_IRQHandler                       0x0000025b   Thumb Code     0  startup_msp432p401r_uvision.o(.text)
    CS_IRQHandler                            0x0000025b   Thumb Code     0  startup_msp432p401r_uvision.o(.text)
    DMA_ERR_IRQHandler                       0x0000025b   Thumb Code     0  startup_msp432p401r_uvision.o(.text)
    DMA_INT1_IRQHandler                      0x0000025b   Thumb Code     0  startup_msp432p401r_uvision.o(.text)
    DMA_INT2_IRQHandler                      0x0000025b   Thumb Code     0  startup_msp432p401r_uvision.o(.text)
    DMA_INT3_IRQHandler                      0x0000025b   Thumb Code     0  startup_msp432p401r_uvision.o(.text)
    EUSCIA1_IRQHandler                       0x0000025b   Thumb Code     0  startup_msp432p401r_uvision.o(.text)
    EUSCIA3_IRQHandler                       0x0000025b   Thumb Code     0  startup_msp432p401r_uvision.o(.text)
    EUSCIB3_IRQHandler                       0x0000025b   Thumb Code     0  startup_msp432p401r_uvision.o(.text)
    FLCTL_IRQHandler                         0x0000025b   Thumb Code     0  startup_msp432p401r_uvision.o(.text)
    FPU_IRQHandler                           0x0000025b   Thumb Code     0  startup_msp432p401r_uvision.o(.text)
    PCM_IRQHandler                           0x0000025b   Thumb Code     0  startup_msp432p401r_uvision.o(.text)
    PORT2_IRQHandler                         0x0000025b   Thumb Code     0  startup_msp432p401r_uvision.o(.text)
    PORT3_IRQHandler                         0x0000025b   Thumb Code     0  startup_msp432p401r_uvision.o(.text)
    PORT4_IRQHandler                         0x0000025b   Thumb Code     0  startup_msp432p401r_uvision.o(.text)
    PORT5_IRQHandler                         0x0000025b   Thumb Code     0  startup_msp432p401r_uvision.o(.text)
    PORT6_IRQHandler                         0x0000025b   Thumb Code     0  startup_msp432p401r_uvision.o(.text)
    PSS_IRQHandler                           0x0000025b   Thumb Code     0  startup_msp432p401r_uvision.o(.text)
    RTC_C_IRQHandler                         0x0000025b   Thumb Code     0  startup_msp432p401r_uvision.o(.text)
    T32_INT2_IRQHandler                      0x0000025b   Thumb Code     0  startup_msp432p401r_uvision.o(.text)
    T32_INTC_IRQHandler                      0x0000025b   Thumb Code     0  startup_msp432p401r_uvision.o(.text)
    TA0_N_IRQHandler                         0x0000025b   Thumb Code     0  startup_msp432p401r_uvision.o(.text)
    TA1_0_IRQHandler                         0x0000025b   Thumb Code     0  startup_msp432p401r_uvision.o(.text)
    TA1_N_IRQHandler                         0x0000025b   Thumb Code     0  startup_msp432p401r_uvision.o(.text)
    TA2_0_IRQHandler                         0x0000025b   Thumb Code     0  startup_msp432p401r_uvision.o(.text)
    TA2_N_IRQHandler                         0x0000025b   Thumb Code     0  startup_msp432p401r_uvision.o(.text)
    TA3_0_IRQHandler                         0x0000025b   Thumb Code     0  startup_msp432p401r_uvision.o(.text)
    TA3_N_IRQHandler                         0x0000025b   Thumb Code     0  startup_msp432p401r_uvision.o(.text)
    WDT_A_IRQHandler                         0x0000025b   Thumb Code     0  startup_msp432p401r_uvision.o(.text)
    __aeabi_memcpy                           0x00000265   Thumb Code    36  memcpya.o(.text)
    __aeabi_memcpy4                          0x00000265   Thumb Code     0  memcpya.o(.text)
    __aeabi_memcpy8                          0x00000265   Thumb Code     0  memcpya.o(.text)
    __scatterload                            0x00000289   Thumb Code    28  init.o(.text)
    __scatterload_rt2                        0x00000289   Thumb Code     0  init.o(.text)
    __decompress                             0x000002ad   Thumb Code     0  __dczerorl2.o(.text)
    __decompress1                            0x000002ad   Thumb Code    86  __dczerorl2.o(.text)
    ADC14_IRQHandler                         0x00000305   Thumb Code   108  msp432_it.o(i.ADC14_IRQHandler)
    ADC14_getMultiSequenceResult             0x0000037d   Thumb Code    68  adc14.o(i.ADC14_getMultiSequenceResult)
    ADS1292_Init                             0x000003d1   Thumb Code    52  bsp_ads1292.o(i.ADS1292_Init)
    Address_set                              0x00000405   Thumb Code    90  bsp_st7789.o(i.Address_set)
    BusFault_Handler                         0x0000045f   Thumb Code     4  msp432_it.o(i.BusFault_Handler)
    CS_getDCOFrequency                       0x00000465   Thumb Code   332  cs.o(i.CS_getDCOFrequency)
    CS_getMCLK                               0x000005d5   Thumb Code    20  cs.o(i.CS_getMCLK)
    CS_setExternalClockSourceFrequency       0x000005ed   Thumb Code     8  cs.o(i.CS_setExternalClockSourceFrequency)
    CS_startHFXT                             0x000005f9   Thumb Code     6  cs.o(i.CS_startHFXT)
    CS_startHFXTWithTimeout                  0x00000601   Thumb Code   262  cs.o(i.CS_startHFXTWithTimeout)
    DMA_INT0_IRQHandler                      0x00000745   Thumb Code    16  msp432_it.o(i.DMA_INT0_IRQHandler)
    DebugMon_Handler                         0x00000759   Thumb Code     2  msp432_it.o(i.DebugMon_Handler)
    EUSCIA0_IRQHandler                       0x0000075d   Thumb Code    28  msp432_it.o(i.EUSCIA0_IRQHandler)
    EUSCIA2_IRQHandler                       0x00000781   Thumb Code    46  msp432_it.o(i.EUSCIA2_IRQHandler)
    EUSCIB0_IRQHandler                       0x000007b9   Thumb Code    20  msp432_it.o(i.EUSCIB0_IRQHandler)
    EUSCIB1_IRQHandler                       0x000007d1   Thumb Code   112  msp432_it.o(i.EUSCIB1_IRQHandler)
    EUSCIB2_IRQHandler                       0x00000851   Thumb Code    20  msp432_it.o(i.EUSCIB2_IRQHandler)
    FPU_enableLazyStacking                   0x00000869   Thumb Code    12  fpu.o(i.FPU_enableLazyStacking)
    FPU_enableModule                         0x00000879   Thumb Code    12  fpu.o(i.FPU_enableModule)
    GPIO_setAsInputPinWithPullUpResistor     0x00000889   Thumb Code    38  gpio.o(i.GPIO_setAsInputPinWithPullUpResistor)
    GPIO_setAsOutputPin                      0x000008b5   Thumb Code    26  gpio.o(i.GPIO_setAsOutputPin)
    GPIO_setAsPeripheralModuleFunctionOutputPin 0x000008d5   Thumb Code    68  gpio.o(i.GPIO_setAsPeripheralModuleFunctionOutputPin)
    GPIO_setOutputHighOnPin                  0x0000091d   Thumb Code    14  gpio.o(i.GPIO_setOutputHighOnPin)
    GPIO_setOutputLowOnPin                   0x00000931   Thumb Code    16  gpio.o(i.GPIO_setOutputLowOnPin)
    HardFault_Handler                        0x00000945   Thumb Code     4  msp432_it.o(i.HardFault_Handler)
    I2C_clearInterruptFlag                   0x00000949   Thumb Code    10  i2c.o(i.I2C_clearInterruptFlag)
    I2C_getEnabledInterruptStatus            0x00000953   Thumb Code     8  i2c.o(i.I2C_getEnabledInterruptStatus)
    I2C_initMaster                           0x0000095b   Thumb Code    58  i2c.o(i.I2C_initMaster)
    Interrupt_disableMaster                  0x00000995   Thumb Code    14  interrupt.o(i.Interrupt_disableMaster)
    Interrupt_enableInterrupt                0x000009a5   Thumb Code    92  interrupt.o(i.Interrupt_enableInterrupt)
    Interrupt_enableMaster                   0x00000a09   Thumb Code    14  interrupt.o(i.Interrupt_enableMaster)
    Interrupt_setPriorityGrouping            0x00000a19   Thumb Code    20  interrupt.o(i.Interrupt_setPriorityGrouping)
    LCD_Clear                                0x00000a35   Thumb Code    48  bsp_st7789.o(i.LCD_Clear)
    LCD_DrawPoint                            0x00000a65   Thumb Code    28  bsp_st7789.o(i.LCD_DrawPoint)
    LCD_ShowChar                             0x00000a85   Thumb Code   218  bsp_st7789.o(i.LCD_ShowChar)
    LCD_ShowNum                              0x00000b6d   Thumb Code   126  bsp_st7789.o(i.LCD_ShowNum)
    LCD_ShowString                           0x00000beb   Thumb Code    68  bsp_st7789.o(i.LCD_ShowString)
    LCD_WR_DATA                              0x00000c2f   Thumb Code    28  bsp_st7789.o(i.LCD_WR_DATA)
    LCD_WR_DATA8                             0x00000c4b   Thumb Code    20  bsp_st7789.o(i.LCD_WR_DATA8)
    LCD_WR_REG                               0x00000c5f   Thumb Code    20  bsp_st7789.o(i.LCD_WR_REG)
    LCD_Writ_Bus                             0x00000c75   Thumb Code    18  bsp_st7789.o(i.LCD_Writ_Bus)
    Lcd_Init                                 0x00000c91   Thumb Code   424  bsp_st7789.o(i.Lcd_Init)
    MemManage_Handler                        0x00000e39   Thumb Code     4  msp432_it.o(i.MemManage_Handler)
    NMI_Handler                              0x00000e3d   Thumb Code     2  msp432_it.o(i.NMI_Handler)
    PORT1_IRQHandler                         0x00000e41   Thumb Code    74  msp432_it.o(i.PORT1_IRQHandler)
    SPI_clearInterruptFlag                   0x00000e91   Thumb Code    36  spi.o(i.SPI_clearInterruptFlag)
    SPI_enableInterrupt                      0x00000eb5   Thumb Code    32  spi.o(i.SPI_enableInterrupt)
    SPI_getEnabledInterruptStatus            0x00000ed5   Thumb Code    60  spi.o(i.SPI_getEnabledInterruptStatus)
    SysCtl_disableNMISource                  0x00000f11   Thumb Code    12  sysctl.o(i.SysCtl_disableNMISource)
    SysCtl_enableNMISource                   0x00000f21   Thumb Code    10  sysctl.o(i.SysCtl_enableNMISource)
    SysCtl_getNMISourceStatus                0x00000f31   Thumb Code     6  sysctl.o(i.SysCtl_getNMISourceStatus)
    SysCtl_getTLVInfo                        0x00000f3d   Thumb Code    72  sysctl.o(i.SysCtl_getTLVInfo)
    SysTick_Handler                          0x00000f8d   Thumb Code    46  port.o(i.SysTick_Handler)
    SystemInit                               0x00000fc1   Thumb Code   150  system_msp432p401r.o(i.SystemInit)
    T32_INT1_IRQHandler                      0x00001075   Thumb Code    18  msp432_it.o(i.T32_INT1_IRQHandler)
    TA0_0_IRQHandler                         0x00001091   Thumb Code    18  msp432_it.o(i.TA0_0_IRQHandler)
    UART_receiveData                         0x000010a9   Thumb Code    26  uart.o(i.UART_receiveData)
    UsageFault_Handler                       0x000010c3   Thumb Code     4  msp432_it.o(i.UsageFault_Handler)
    WDT_A_holdTimer                          0x000010c9   Thumb Code    18  wdt_a.o(i.WDT_A_holdTimer)
    __scatterload_copy                       0x000011ed   Thumb Code    14  handlers.o(i.__scatterload_copy)
    __scatterload_null                       0x000011fb   Thumb Code     2  handlers.o(i.__scatterload_null)
    __scatterload_zeroinit                   0x000011fd   Thumb Code    14  handlers.o(i.__scatterload_zeroinit)
    bsp_adc_calVoltage                       0x00001279   Thumb Code    52  bsp_adc.o(i.bsp_adc_calVoltage)
    bsp_adc_init                             0x000012b9   Thumb Code   226  bsp_adc.o(i.bsp_adc_init)
    bsp_button_init                          0x000013a9   Thumb Code   102  bsp_button.o(i.bsp_button_init)
    bsp_clock_init                           0x00001415   Thumb Code   138  bsp_clock.o(i.bsp_clock_init)
    bsp_delay_GetTick                        0x000014a9   Thumb Code     6  bsp_delay.o(i.bsp_delay_GetTick)
    bsp_delay_IncTick                        0x000014b5   Thumb Code    12  bsp_delay.o(i.bsp_delay_IncTick)
    bsp_delay_init                           0x000014c5   Thumb Code    82  bsp_delay.o(i.bsp_delay_init)
    bsp_delay_ms                             0x00001521   Thumb Code    32  bsp_delay.o(i.bsp_delay_ms)
    bsp_iic_init                             0x00001541   Thumb Code    28  bsp_iic.o(i.bsp_iic_init)
    bsp_led_init                             0x00001565   Thumb Code    28  bsp_led.o(i.bsp_led_init)
    bsp_led_toggle                           0x00001585   Thumb Code    16  bsp_led.o(i.bsp_led_toggle)
    bsp_rgb_init                             0x00001599   Thumb Code    76  bsp_rgb.o(i.bsp_rgb_init)
    bsp_rgb_set                              0x000015e9   Thumb Code    96  bsp_rgb.o(i.bsp_rgb_set)
    bsp_spi_init                             0x0000164d   Thumb Code   174  bsp_spi.o(i.bsp_spi_init)
    bsp_uart_analysis                        0x00001711   Thumb Code   304  bsp_uart.o(i.bsp_uart_analysis)
    bsp_uart_init                            0x00001861   Thumb Code   258  bsp_uart.o(i.bsp_uart_init)
    main                                     0x000019ad   Thumb Code   174  main.o(i.main)
    mypow                                    0x00001a85   Thumb Code    22  bsp_st7789.o(i.mypow)
    pvPortMalloc                             0x00002529   Thumb Code   306  heap_4.o(i.pvPortMalloc)
    pxPortInitialiseStack                    0x00002675   Thumb Code    38  port.o(i.pxPortInitialiseStack)
    showhanzi                                0x000026a1   Thumb Code    98  bsp_st7789.o(i.showhanzi)
    task_log_Sysmonitor                      0x00002711   Thumb Code   154  main.o(i.task_log_Sysmonitor)
    task_main                                0x000027d9   Thumb Code    20  main.o(i.task_main)
    uxListRemove                             0x000027ed   Thumb Code    40  list.o(i.uxListRemove)
    vListInitialise                          0x00002815   Thumb Code    26  list.o(i.vListInitialise)
    vListInitialiseItem                      0x0000282f   Thumb Code     6  list.o(i.vListInitialiseItem)
    vListInsert                              0x00002835   Thumb Code    52  list.o(i.vListInsert)
    vListInsertEnd                           0x00002869   Thumb Code    24  list.o(i.vListInsertEnd)
    vPortEnterCritical                       0x00002881   Thumb Code    76  port.o(i.vPortEnterCritical)
    vPortExitCritical                        0x000028d5   Thumb Code    56  port.o(i.vPortExitCritical)
    vPortFree                                0x00002911   Thumb Code   150  heap_4.o(i.vPortFree)
    vPortSetupTimerInterrupt                 0x000029b5   Thumb Code    38  port.o(i.vPortSetupTimerInterrupt)
    vPortValidateInterruptPriority           0x000029dd   Thumb Code   106  port.o(i.vPortValidateInterruptPriority)
    vQueueWaitForMessageRestricted           0x00002a55   Thumb Code    74  queue.o(i.vQueueWaitForMessageRestricted)
    vTaskDelay                               0x00002aa1   Thumb Code    82  tasks.o(i.vTaskDelay)
    vTaskDelayUntil                          0x00002afd   Thumb Code   200  tasks.o(i.vTaskDelayUntil)
    vTaskInternalSetTimeOutState             0x00002bd1   Thumb Code    14  tasks.o(i.vTaskInternalSetTimeOutState)
    vTaskMissedYield                         0x00002be9   Thumb Code     8  tasks.o(i.vTaskMissedYield)
    vTaskPlaceOnEventList                    0x00002bf5   Thumb Code    52  tasks.o(i.vTaskPlaceOnEventList)
    vTaskPlaceOnEventListRestricted          0x00002c2d   Thumb Code    60  tasks.o(i.vTaskPlaceOnEventListRestricted)
    vTaskStartScheduler                      0x00002c6d   Thumb Code   118  tasks.o(i.vTaskStartScheduler)
    vTaskSuspendAll                          0x00002d01   Thumb Code    12  tasks.o(i.vTaskSuspendAll)
    vTaskSwitchContext                       0x00002d11   Thumb Code   118  tasks.o(i.vTaskSwitchContext)
    xPortStartScheduler                      0x00002d9d   Thumb Code   372  port.o(i.xPortStartScheduler)
    xQueueGenericCreate                      0x00002f2d   Thumb Code   124  queue.o(i.xQueueGenericCreate)
    xQueueGenericReset                       0x00002fa9   Thumb Code   146  queue.o(i.xQueueGenericReset)
    xQueueGenericSend                        0x00003041   Thumb Code   466  queue.o(i.xQueueGenericSend)
    xQueueGenericSendFromISR                 0x00003219   Thumb Code   310  queue.o(i.xQueueGenericSendFromISR)
    xQueueReceive                            0x00003351   Thumb Code   356  queue.o(i.xQueueReceive)
    xTaskCheckForTimeOut                     0x000034b9   Thumb Code   136  tasks.o(i.xTaskCheckForTimeOut)
    xTaskCreate                              0x00003549   Thumb Code    96  tasks.o(i.xTaskCreate)
    xTaskGetSchedulerState                   0x000035a9   Thumb Code    24  tasks.o(i.xTaskGetSchedulerState)
    xTaskGetTickCount                        0x000035c9   Thumb Code     6  tasks.o(i.xTaskGetTickCount)
    xTaskIncrementTick                       0x000035d5   Thumb Code   282  tasks.o(i.xTaskIncrementTick)
    xTaskPriorityDisinherit                  0x0000371d   Thumb Code   174  tasks.o(i.xTaskPriorityDisinherit)
    xTaskRemoveFromEventList                 0x000037d9   Thumb Code   128  tasks.o(i.xTaskRemoveFromEventList)
    xTaskResumeAll                           0x00003871   Thumb Code   224  tasks.o(i.xTaskResumeAll)
    xTimerCreateTimerTask                    0x00003975   Thumb Code    66  timers.o(i.xTimerCreateTimerTask)
    xTimerGenericCommand                     0x000039cd   Thumb Code   128  timers.o(i.xTimerGenericCommand)
    spi2_config                              0x00003a50   Data          28  bsp_spi.o(.constdata)
    spi0_config                              0x00003a6c   Data          28  bsp_spi.o(.constdata)
    bsp_uart0_config                         0x00003a88   Data          36  bsp_uart.o(.constdata)
    bsp_uart2_config                         0x00003aac   Data          36  bsp_uart.o(.constdata)
    upModeConfig                             0x00003ad0   Data          24  bsp_adc.o(.constdata)
    compareConfig                            0x00003ae8   Data          16  bsp_adc.o(.constdata)
    asc2_1608                                0x00003af8   Data        1520  bsp_st7789.o(.constdata)
    Region$$Table$$Base                      0x000041f8   Number         0  anon$$obj.o(Region$$Table)
    Region$$Table$$Limit                     0x00004218   Number         0  anon$$obj.o(Region$$Table)
    uwTick                                   0x20000000   Data           4  bsp_delay.o(.data)
    iic_status                               0x20000004   Data           1  bsp_iic.o(.data)
    pData                                    0x20000008   Data           4  bsp_iic.o(.data)
    iic1_config                              0x2000000c   Data          20  bsp_iic.o(.data)
    pos_x                                    0x20000020   Data           2  bsp_uart.o(.data)
    pos_y                                    0x20000022   Data           2  bsp_uart.o(.data)
    pos_z                                    0x20000024   Data           2  bsp_uart.o(.data)
    send_data                                0x20000026   Data          16  bsp_uart.o(.data)
    bsp_adc_index                            0x2000003a   Data           1  bsp_adc.o(.data)
    hanzi                                    0x2000003c   Data         640  bsp_st7789.o(.data)
    Hzk                                      0x200002bc   Data         448  bsp_st7789.o(.data)
    BACK_COLOR                               0x2000047c   Data           2  bsp_st7789.o(.data)
    POINT_COLOR                              0x2000047e   Data           2  bsp_st7789.o(.data)
    task_init_Creat_Handle                   0x20000484   Data           4  main.o(.data)
    pxCurrentTCB                             0x2000048c   Data           4  tasks.o(.data)
    controlTable                             0x20000800   Data        1024  bsp_uart.o(.bss)
    uart_rec_buffer                          0x20000c00   Data         255  bsp_uart.o(.bss)
    bsp_adc_OriginalData                     0x20000d00   Data         300  bsp_adc.o(.bss)
    bsp_adc_AvgVoltage                       0x20000e2c   Data          12  bsp_adc.o(.bss)
    __initial_sp                             0x2000e948   Data           0  startup_msp432p401r_uvision.o(STACK)



==============================================================================

Memory Map of the image

  Image Entry point : 0x00000145

  Load Region LR_IROM1 (Base: 0x00000000, Size: 0x00004758, Max: 0x00040000, ABSOLUTE, COMPRESSED[0x00004424])

    Execution Region ER_IROM1 (Exec base: 0x00000000, Load base: 0x00000000, Size: 0x00004218, Max: 0x00040000, ABSOLUTE)

    Exec Addr    Load Addr    Size         Type   Attr      Idx    E Section Name        Object

    0x00000000   0x00000000   0x00000144   Data   RO         2289    RESET               startup_msp432p401r_uvision.o
    0x00000144   0x00000144   0x00000000   Code   RO         2976  * .ARM.Collect$$$$00000000  mc_w.l(entry.o)
    0x00000144   0x00000144   0x00000004   Code   RO         3248    .ARM.Collect$$$$00000001  mc_w.l(entry2.o)
    0x00000148   0x00000148   0x00000004   Code   RO         3251    .ARM.Collect$$$$00000004  mc_w.l(entry5.o)
    0x0000014c   0x0000014c   0x00000000   Code   RO         3253    .ARM.Collect$$$$00000008  mc_w.l(entry7b.o)
    0x0000014c   0x0000014c   0x00000000   Code   RO         3255    .ARM.Collect$$$$0000000A  mc_w.l(entry8b.o)
    0x0000014c   0x0000014c   0x00000008   Code   RO         3256    .ARM.Collect$$$$0000000B  mc_w.l(entry9a.o)
    0x00000154   0x00000154   0x00000000   Code   RO         3258    .ARM.Collect$$$$0000000D  mc_w.l(entry10a.o)
    0x00000154   0x00000154   0x00000000   Code   RO         3260    .ARM.Collect$$$$0000000F  mc_w.l(entry11a.o)
    0x00000154   0x00000154   0x00000004   Code   RO         3249    .ARM.Collect$$$$00002712  mc_w.l(entry2.o)
    0x00000158   0x00000158   0x000000be   Code   RO         2134    .emb_text           port.o
    0x00000216   0x00000216   0x00000002   PAD
    0x00000218   0x00000218   0x00000026   Code   RO         2929    .emb_text           msp432p4xx_driverlib.lib(cpu.o)
    0x0000023e   0x0000023e   0x00000002   PAD
    0x00000240   0x00000240   0x00000024   Code   RO         2290    .text               startup_msp432p401r_uvision.o
    0x00000264   0x00000264   0x00000024   Code   RO         2979    .text               mc_w.l(memcpya.o)
    0x00000288   0x00000288   0x00000024   Code   RO         3278    .text               mc_w.l(init.o)
    0x000002ac   0x000002ac   0x00000056   Code   RO         3296    .text               mc_w.l(__dczerorl2.o)
    0x00000302   0x00000302   0x00000002   PAD
    0x00000304   0x00000304   0x00000078   Code   RO          961    i.ADC14_IRQHandler  msp432_it.o
    0x0000037c   0x0000037c   0x00000054   Code   RO         2351    i.ADC14_getMultiSequenceResult  msp432p4xx_driverlib.lib(adc14.o)
    0x000003d0   0x000003d0   0x00000034   Code   RO          602    i.ADS1292_Init      bsp_ads1292.o
    0x00000404   0x00000404   0x0000005a   Code   RO          653    i.Address_set       bsp_st7789.o
    0x0000045e   0x0000045e   0x00000004   Code   RO          962    i.BusFault_Handler  msp432_it.o
    0x00000462   0x00000462   0x00000002   PAD
    0x00000464   0x00000464   0x00000170   Code   RO         2419    i.CS_getDCOFrequency  msp432p4xx_driverlib.lib(cs.o)
    0x000005d4   0x000005d4   0x00000018   Code   RO         2423    i.CS_getMCLK        msp432p4xx_driverlib.lib(cs.o)
    0x000005ec   0x000005ec   0x0000000c   Code   RO         2431    i.CS_setExternalClockSourceFrequency  msp432p4xx_driverlib.lib(cs.o)
    0x000005f8   0x000005f8   0x00000006   Code   RO         2434    i.CS_startHFXT      msp432p4xx_driverlib.lib(cs.o)
    0x000005fe   0x000005fe   0x00000002   PAD
    0x00000600   0x00000600   0x00000144   Code   RO         2435    i.CS_startHFXTWithTimeout  msp432p4xx_driverlib.lib(cs.o)
    0x00000744   0x00000744   0x00000014   Code   RO          963    i.DMA_INT0_IRQHandler  msp432_it.o
    0x00000758   0x00000758   0x00000002   Code   RO          964    i.DebugMon_Handler  msp432_it.o
    0x0000075a   0x0000075a   0x00000002   PAD
    0x0000075c   0x0000075c   0x00000024   Code   RO          965    i.EUSCIA0_IRQHandler  msp432_it.o
    0x00000780   0x00000780   0x00000038   Code   RO          966    i.EUSCIA2_IRQHandler  msp432_it.o
    0x000007b8   0x000007b8   0x00000018   Code   RO          967    i.EUSCIB0_IRQHandler  msp432_it.o
    0x000007d0   0x000007d0   0x00000080   Code   RO          968    i.EUSCIB1_IRQHandler  msp432_it.o
    0x00000850   0x00000850   0x00000018   Code   RO          969    i.EUSCIB2_IRQHandler  msp432_it.o
    0x00000868   0x00000868   0x00000010   Code   RO         2545    i.FPU_enableLazyStacking  msp432p4xx_driverlib.lib(fpu.o)
    0x00000878   0x00000878   0x00000010   Code   RO         2546    i.FPU_enableModule  msp432p4xx_driverlib.lib(fpu.o)
    0x00000888   0x00000888   0x0000002c   Code   RO         2577    i.GPIO_setAsInputPinWithPullUpResistor  msp432p4xx_driverlib.lib(gpio.o)
    0x000008b4   0x000008b4   0x00000020   Code   RO         2578    i.GPIO_setAsOutputPin  msp432p4xx_driverlib.lib(gpio.o)
    0x000008d4   0x000008d4   0x00000048   Code   RO         2580    i.GPIO_setAsPeripheralModuleFunctionOutputPin  msp432p4xx_driverlib.lib(gpio.o)
    0x0000091c   0x0000091c   0x00000014   Code   RO         2583    i.GPIO_setOutputHighOnPin  msp432p4xx_driverlib.lib(gpio.o)
    0x00000930   0x00000930   0x00000014   Code   RO         2584    i.GPIO_setOutputLowOnPin  msp432p4xx_driverlib.lib(gpio.o)
    0x00000944   0x00000944   0x00000004   Code   RO          970    i.HardFault_Handler  msp432_it.o
    0x00000948   0x00000948   0x0000000a   Code   RO         2615    i.I2C_clearInterruptFlag  msp432p4xx_driverlib.lib(i2c.o)
    0x00000952   0x00000952   0x00000008   Code   RO         2622    i.I2C_getEnabledInterruptStatus  msp432p4xx_driverlib.lib(i2c.o)
    0x0000095a   0x0000095a   0x0000003a   Code   RO         2627    i.I2C_initMaster    msp432p4xx_driverlib.lib(i2c.o)
    0x00000994   0x00000994   0x0000000e   Code   RO         2707    i.Interrupt_disableMaster  msp432p4xx_driverlib.lib(interrupt.o)
    0x000009a2   0x000009a2   0x00000002   PAD
    0x000009a4   0x000009a4   0x00000064   Code   RO         2709    i.Interrupt_enableInterrupt  msp432p4xx_driverlib.lib(interrupt.o)
    0x00000a08   0x00000a08   0x0000000e   Code   RO         2710    i.Interrupt_enableMaster  msp432p4xx_driverlib.lib(interrupt.o)
    0x00000a16   0x00000a16   0x00000002   PAD
    0x00000a18   0x00000a18   0x0000001c   Code   RO         2720    i.Interrupt_setPriorityGrouping  msp432p4xx_driverlib.lib(interrupt.o)
    0x00000a34   0x00000a34   0x00000030   Code   RO          655    i.LCD_Clear         bsp_st7789.o
    0x00000a64   0x00000a64   0x00000020   Code   RO          657    i.LCD_DrawPoint     bsp_st7789.o
    0x00000a84   0x00000a84   0x000000e8   Code   RO          662    i.LCD_ShowChar      bsp_st7789.o
    0x00000b6c   0x00000b6c   0x0000007e   Code   RO          663    i.LCD_ShowNum       bsp_st7789.o
    0x00000bea   0x00000bea   0x00000044   Code   RO          664    i.LCD_ShowString    bsp_st7789.o
    0x00000c2e   0x00000c2e   0x0000001c   Code   RO          665    i.LCD_WR_DATA       bsp_st7789.o
    0x00000c4a   0x00000c4a   0x00000014   Code   RO          666    i.LCD_WR_DATA8      bsp_st7789.o
    0x00000c5e   0x00000c5e   0x00000014   Code   RO          667    i.LCD_WR_REG        bsp_st7789.o
    0x00000c72   0x00000c72   0x00000002   PAD
    0x00000c74   0x00000c74   0x0000001c   Code   RO          669    i.LCD_Writ_Bus      bsp_st7789.o
    0x00000c90   0x00000c90   0x000001a8   Code   RO          670    i.Lcd_Init          bsp_st7789.o
    0x00000e38   0x00000e38   0x00000004   Code   RO          971    i.MemManage_Handler  msp432_it.o
    0x00000e3c   0x00000e3c   0x00000002   Code   RO          972    i.NMI_Handler       msp432_it.o
    0x00000e3e   0x00000e3e   0x00000002   PAD
    0x00000e40   0x00000e40   0x00000050   Code   RO          973    i.PORT1_IRQHandler  msp432_it.o
    0x00000e90   0x00000e90   0x00000024   Code   RO         2785    i.SPI_clearInterruptFlag  msp432p4xx_driverlib.lib(spi.o)
    0x00000eb4   0x00000eb4   0x00000020   Code   RO         2788    i.SPI_enableInterrupt  msp432p4xx_driverlib.lib(spi.o)
    0x00000ed4   0x00000ed4   0x0000003c   Code   RO         2790    i.SPI_getEnabledInterruptStatus  msp432p4xx_driverlib.lib(spi.o)
    0x00000f10   0x00000f10   0x00000010   Code   RO         2938    i.SysCtl_disableNMISource  msp432p4xx_driverlib.lib(sysctl.o)
    0x00000f20   0x00000f20   0x00000010   Code   RO         2943    i.SysCtl_enableNMISource  msp432p4xx_driverlib.lib(sysctl.o)
    0x00000f30   0x00000f30   0x0000000c   Code   RO         2948    i.SysCtl_getNMISourceStatus  msp432p4xx_driverlib.lib(sysctl.o)
    0x00000f3c   0x00000f3c   0x00000050   Code   RO         2950    i.SysCtl_getTLVInfo  msp432p4xx_driverlib.lib(sysctl.o)
    0x00000f8c   0x00000f8c   0x00000034   Code   RO         2135    i.SysTick_Handler   port.o
    0x00000fc0   0x00000fc0   0x000000b4   Code   RO         2298    i.SystemInit        system_msp432p401r.o
    0x00001074   0x00001074   0x0000001c   Code   RO          974    i.T32_INT1_IRQHandler  msp432_it.o
    0x00001090   0x00001090   0x00000018   Code   RO          975    i.TA0_0_IRQHandler  msp432_it.o
    0x000010a8   0x000010a8   0x0000001a   Code   RO         2870    i.UART_receiveData  msp432p4xx_driverlib.lib(uart.o)
    0x000010c2   0x000010c2   0x00000004   Code   RO          976    i.UsageFault_Handler  msp432_it.o
    0x000010c6   0x000010c6   0x00000002   PAD
    0x000010c8   0x000010c8   0x00000018   Code   RO         2906    i.WDT_A_holdTimer   msp432p4xx_driverlib.lib(wdt_a.o)
    0x000010e0   0x000010e0   0x0000010c   Code   RO         2440    i._CSComputeCLKFrequency  msp432p4xx_driverlib.lib(cs.o)
    0x000011ec   0x000011ec   0x0000000e   Code   RO         3290    i.__scatterload_copy  mc_w.l(handlers.o)
    0x000011fa   0x000011fa   0x00000002   Code   RO         3291    i.__scatterload_null  mc_w.l(handlers.o)
    0x000011fc   0x000011fc   0x0000000e   Code   RO         3292    i.__scatterload_zeroinit  mc_w.l(handlers.o)
    0x0000120a   0x0000120a   0x00000002   PAD
    0x0000120c   0x0000120c   0x0000006c   Code   RO          562    i.bsp_adc_MidSumFilter  bsp_adc.o
    0x00001278   0x00001278   0x00000040   Code   RO          563    i.bsp_adc_calVoltage  bsp_adc.o
    0x000012b8   0x000012b8   0x000000f0   Code   RO          564    i.bsp_adc_init      bsp_adc.o
    0x000013a8   0x000013a8   0x0000006c   Code   RO            4    i.bsp_button_init   bsp_button.o
    0x00001414   0x00001414   0x00000094   Code   RO          162    i.bsp_clock_init    bsp_clock.o
    0x000014a8   0x000014a8   0x0000000c   Code   RO          189    i.bsp_delay_GetTick  bsp_delay.o
    0x000014b4   0x000014b4   0x00000010   Code   RO          190    i.bsp_delay_IncTick  bsp_delay.o
    0x000014c4   0x000014c4   0x0000005c   Code   RO          191    i.bsp_delay_init    bsp_delay.o
    0x00001520   0x00001520   0x00000020   Code   RO          192    i.bsp_delay_ms      bsp_delay.o
    0x00001540   0x00001540   0x00000024   Code   RO          306    i.bsp_iic_init      bsp_iic.o
    0x00001564   0x00001564   0x00000020   Code   RO          342    i.bsp_led_init      bsp_led.o
    0x00001584   0x00001584   0x00000014   Code   RO          345    i.bsp_led_toggle    bsp_led.o
    0x00001598   0x00001598   0x00000050   Code   RO          423    i.bsp_rgb_init      bsp_rgb.o
    0x000015e8   0x000015e8   0x00000064   Code   RO          424    i.bsp_rgb_set       bsp_rgb.o
    0x0000164c   0x0000164c   0x000000c4   Code   RO          458    i.bsp_spi_init      bsp_spi.o
    0x00001710   0x00001710   0x00000150   Code   RO          499    i.bsp_uart_analysis  bsp_uart.o
    0x00001860   0x00001860   0x0000011c   Code   RO          500    i.bsp_uart_init     bsp_uart.o
    0x0000197c   0x0000197c   0x0000002e   Code   RO         2802    i.is_A_Module       msp432p4xx_driverlib.lib(spi.o)
    0x000019aa   0x000019aa   0x00000002   PAD
    0x000019ac   0x000019ac   0x000000d8   Code   RO          874    i.main              main.o
    0x00001a84   0x00001a84   0x00000016   Code   RO          671    i.mypow             bsp_st7789.o
    0x00001a9a   0x00001a9a   0x00000002   PAD
    0x00001a9c   0x00001a9c   0x00000098   Code   RO         1622    i.prvAddCurrentTaskToDelayedList  tasks.o
    0x00001b34   0x00001b34   0x000000b4   Code   RO         1623    i.prvAddNewTaskToReadyList  tasks.o
    0x00001be8   0x00001be8   0x0000004c   Code   RO         1962    i.prvCheckForValidListAndQueue  timers.o
    0x00001c34   0x00001c34   0x00000048   Code   RO         1624    i.prvCheckTasksWaitingTermination  tasks.o
    0x00001c7c   0x00001c7c   0x0000002a   Code   RO         1248    i.prvCopyDataFromQueue  queue.o
    0x00001ca6   0x00001ca6   0x0000007e   Code   RO         1249    i.prvCopyDataToQueue  queue.o
    0x00001d24   0x00001d24   0x00000012   Code   RO         1625    i.prvDeleteTCB      tasks.o
    0x00001d36   0x00001d36   0x00000002   PAD
    0x00001d38   0x00001d38   0x00000028   Code   RO         1963    i.prvGetNextExpireTime  timers.o
    0x00001d60   0x00001d60   0x0000007c   Code   RO         2223    i.prvHeapInit       heap_4.o
    0x00001ddc   0x00001ddc   0x00000028   Code   RO         1626    i.prvIdleTask       tasks.o
    0x00001e04   0x00001e04   0x0000002a   Code   RO         1252    i.prvInitialiseNewQueue  queue.o
    0x00001e2e   0x00001e2e   0x000000b4   Code   RO         1627    i.prvInitialiseNewTask  tasks.o
    0x00001ee2   0x00001ee2   0x00000002   PAD
    0x00001ee4   0x00001ee4   0x00000068   Code   RO         1628    i.prvInitialiseTaskLists  tasks.o
    0x00001f4c   0x00001f4c   0x00000068   Code   RO         2224    i.prvInsertBlockIntoFreeList  heap_4.o
    0x00001fb4   0x00001fb4   0x00000058   Code   RO         1965    i.prvInsertTimerInActiveList  timers.o
    0x0000200c   0x0000200c   0x0000001a   Code   RO         1253    i.prvIsQueueEmpty   queue.o
    0x00002026   0x00002026   0x0000001e   Code   RO         1254    i.prvIsQueueFull    queue.o
    0x00002044   0x00002044   0x000000ac   Code   RO         1255    i.prvNotifyQueueSetContainer  queue.o
    0x000020f0   0x000020f0   0x00000074   Code   RO         1966    i.prvProcessExpiredTimer  timers.o
    0x00002164   0x00002164   0x00000164   Code   RO         1967    i.prvProcessReceivedCommands  timers.o
    0x000022c8   0x000022c8   0x00000074   Code   RO         1968    i.prvProcessTimerOrBlockTask  timers.o
    0x0000233c   0x0000233c   0x00000030   Code   RO         1629    i.prvResetNextTaskUnblockTime  tasks.o
    0x0000236c   0x0000236c   0x0000002c   Code   RO         1969    i.prvSampleTimeNow  timers.o
    0x00002398   0x00002398   0x000000a4   Code   RO         1970    i.prvSwitchTimerLists  timers.o
    0x0000243c   0x0000243c   0x00000040   Code   RO         2136    i.prvTaskExitError  port.o
    0x0000247c   0x0000247c   0x0000001a   Code   RO         1971    i.prvTimerTask      timers.o
    0x00002496   0x00002496   0x00000090   Code   RO         1256    i.prvUnlockQueue    queue.o
    0x00002526   0x00002526   0x00000002   PAD
    0x00002528   0x00002528   0x0000014c   Code   RO         2225    i.pvPortMalloc      heap_4.o
    0x00002674   0x00002674   0x0000002c   Code   RO         2137    i.pxPortInitialiseStack  port.o
    0x000026a0   0x000026a0   0x00000070   Code   RO          672    i.showhanzi         bsp_st7789.o
    0x00002710   0x00002710   0x000000c8   Code   RO          875    i.task_log_Sysmonitor  main.o
    0x000027d8   0x000027d8   0x00000014   Code   RO          876    i.task_main         main.o
    0x000027ec   0x000027ec   0x00000028   Code   RO         1200    i.uxListRemove      list.o
    0x00002814   0x00002814   0x0000001a   Code   RO         1201    i.vListInitialise   list.o
    0x0000282e   0x0000282e   0x00000006   Code   RO         1202    i.vListInitialiseItem  list.o
    0x00002834   0x00002834   0x00000034   Code   RO         1203    i.vListInsert       list.o
    0x00002868   0x00002868   0x00000018   Code   RO         1204    i.vListInsertEnd    list.o
    0x00002880   0x00002880   0x00000054   Code   RO         2139    i.vPortEnterCritical  port.o
    0x000028d4   0x000028d4   0x0000003c   Code   RO         2140    i.vPortExitCritical  port.o
    0x00002910   0x00002910   0x000000a4   Code   RO         2226    i.vPortFree         heap_4.o
    0x000029b4   0x000029b4   0x00000026   Code   RO         2141    i.vPortSetupTimerInterrupt  port.o
    0x000029da   0x000029da   0x00000002   PAD
    0x000029dc   0x000029dc   0x00000078   Code   RO         2142    i.vPortValidateInterruptPriority  port.o
    0x00002a54   0x00002a54   0x0000004a   Code   RO         1261    i.vQueueWaitForMessageRestricted  queue.o
    0x00002a9e   0x00002a9e   0x00000002   PAD
    0x00002aa0   0x00002aa0   0x0000005c   Code   RO         1638    i.vTaskDelay        tasks.o
    0x00002afc   0x00002afc   0x000000d4   Code   RO         1639    i.vTaskDelayUntil   tasks.o
    0x00002bd0   0x00002bd0   0x00000018   Code   RO         1643    i.vTaskInternalSetTimeOutState  tasks.o
    0x00002be8   0x00002be8   0x0000000c   Code   RO         1644    i.vTaskMissedYield  tasks.o
    0x00002bf4   0x00002bf4   0x00000038   Code   RO         1645    i.vTaskPlaceOnEventList  tasks.o
    0x00002c2c   0x00002c2c   0x00000040   Code   RO         1646    i.vTaskPlaceOnEventListRestricted  tasks.o
    0x00002c6c   0x00002c6c   0x00000094   Code   RO         1653    i.vTaskStartScheduler  tasks.o
    0x00002d00   0x00002d00   0x00000010   Code   RO         1655    i.vTaskSuspendAll   tasks.o
    0x00002d10   0x00002d10   0x0000008c   Code   RO         1656    i.vTaskSwitchContext  tasks.o
    0x00002d9c   0x00002d9c   0x00000190   Code   RO         2143    i.xPortStartScheduler  port.o
    0x00002f2c   0x00002f2c   0x0000007c   Code   RO         1266    i.xQueueGenericCreate  queue.o
    0x00002fa8   0x00002fa8   0x00000098   Code   RO         1267    i.xQueueGenericReset  queue.o
    0x00003040   0x00003040   0x000001d8   Code   RO         1268    i.xQueueGenericSend  queue.o
    0x00003218   0x00003218   0x00000136   Code   RO         1269    i.xQueueGenericSendFromISR  queue.o
    0x0000334e   0x0000334e   0x00000002   PAD
    0x00003350   0x00003350   0x00000168   Code   RO         1276    i.xQueueReceive     queue.o
    0x000034b8   0x000034b8   0x00000090   Code   RO         1658    i.xTaskCheckForTimeOut  tasks.o
    0x00003548   0x00003548   0x00000060   Code   RO         1659    i.xTaskCreate       tasks.o
    0x000035a8   0x000035a8   0x00000020   Code   RO         1665    i.xTaskGetSchedulerState  tasks.o
    0x000035c8   0x000035c8   0x0000000c   Code   RO         1666    i.xTaskGetTickCount  tasks.o
    0x000035d4   0x000035d4   0x00000148   Code   RO         1668    i.xTaskIncrementTick  tasks.o
    0x0000371c   0x0000371c   0x000000bc   Code   RO         1669    i.xTaskPriorityDisinherit  tasks.o
    0x000037d8   0x000037d8   0x00000098   Code   RO         1671    i.xTaskRemoveFromEventList  tasks.o
    0x00003870   0x00003870   0x00000104   Code   RO         1672    i.xTaskResumeAll    tasks.o
    0x00003974   0x00003974   0x00000058   Code   RO         1977    i.xTimerCreateTimerTask  timers.o
    0x000039cc   0x000039cc   0x00000084   Code   RO         1978    i.xTimerGenericCommand  timers.o
    0x00003a50   0x00003a50   0x00000038   Data   RO          459    .constdata          bsp_spi.o
    0x00003a88   0x00003a88   0x00000048   Data   RO          503    .constdata          bsp_uart.o
    0x00003ad0   0x00003ad0   0x00000028   Data   RO          566    .constdata          bsp_adc.o
    0x00003af8   0x00003af8   0x000005f0   Data   RO          673    .constdata          bsp_st7789.o
    0x000040e8   0x000040e8   0x00000080   Data   RO         2367    .constdata          msp432p4xx_driverlib.lib(adc14.o)
    0x00004168   0x00004168   0x00000090   Data   RO         2725    .constdata          msp432p4xx_driverlib.lib(interrupt.o)
    0x000041f8   0x000041f8   0x00000020   Data   RO         3288    Region$$Table       anon$$obj.o


    Execution Region RW_IRAM1 (Exec base: 0x20000000, Load base: 0x00004218, Size: 0x0000e948, Max: 0x00010000, ABSOLUTE, COMPRESSED[0x0000020c])

    Exec Addr    Load Addr    Size         Type   Attr      Idx    E Section Name        Object

    0x20000000   COMPRESSED   0x00000004   Data   RW          194    .data               bsp_delay.o
    0x20000004   COMPRESSED   0x0000001c   Data   RW          308    .data               bsp_iic.o
    0x20000020   COMPRESSED   0x0000001a   Data   RW          504    .data               bsp_uart.o
    0x2000003a   COMPRESSED   0x00000001   Data   RW          567    .data               bsp_adc.o
    0x2000003b   COMPRESSED   0x00000001   PAD
    0x2000003c   COMPRESSED   0x00000444   Data   RW          674    .data               bsp_st7789.o
    0x20000480   COMPRESSED   0x0000000c   Data   RW          877    .data               main.o
    0x2000048c   COMPRESSED   0x0000003c   Data   RW         1674    .data               tasks.o
    0x200004c8   COMPRESSED   0x00000014   Data   RW         1986    .data               timers.o
    0x200004dc   COMPRESSED   0x0000000c   Data   RW         2144    .data               port.o
    0x200004e8   COMPRESSED   0x00000020   Data   RW         2232    .data               heap_4.o
    0x20000508   COMPRESSED   0x00000008   Data   RW         2441    .data               msp432p4xx_driverlib.lib(cs.o)
    0x20000510   COMPRESSED   0x00000030   Data   RW         2588    .data               msp432p4xx_driverlib.lib(gpio.o)
    0x20000540   COMPRESSED   0x000002c0   PAD
    0x20000800        -       0x000004ff   Zero   RW          502    .bss                bsp_uart.o
    0x20000cff   COMPRESSED   0x00000001   PAD
    0x20000d00        -       0x00000138   Zero   RW          565    .bss                bsp_adc.o
    0x20000e38        -       0x000002e4   Zero   RW         1673    .bss                tasks.o
    0x2000111c        -       0x00000028   Zero   RW         1985    .bss                timers.o
    0x20001144        -       0x0000c800   Zero   RW         2231    .bss                heap_4.o
    0x2000d944   COMPRESSED   0x00000004   PAD
    0x2000d948        -       0x00001000   Zero   RW         2287    STACK               startup_msp432p401r_uvision.o



  Load Region LR_IROM2 (Base: 0x00200000, Size: 0x00000000, Max: 0x00004000, ABSOLUTE)

    Execution Region ER_IROM2 (Exec base: 0x00200000, Load base: 0x00200000, Size: 0x00000000, Max: 0x00004000, ABSOLUTE)

    **** No section assigned to this execution region ****


==============================================================================

Image component sizes


      Code (inc. data)   RO Data    RW Data    ZI Data      Debug   Object Name

       412         32         40          1        312       2535   bsp_adc.o
        52          0          0          0          0        479   bsp_ads1292.o
       108          6          0          0          0      21734   bsp_button.o
       148         10          0          0          0        497   bsp_clock.o
       152         20          0          4          0       2533   bsp_delay.o
        36          8          0         28          0       1566   bsp_iic.o
        52          8          0          0          0        912   bsp_led.o
       180          8          0          0          0       1013   bsp_rgb.o
       196         22         56          0          0       1329   bsp_spi.o
      1250         42       1520       1092          0      10909   bsp_st7789.o
       620         64         72         26       1279       2541   bsp_uart.o
         0          0          0          0          0      11032   event_groups.o
       724         74          0         32      51200       4383   heap_4.o
       148          0          0          0          0       3150   list.o
       436         88          0         12          0      15974   main.o
       560         80          0          0          0       7763   msp432_it.o
      1052         86          0         12          0      11213   port.o
      2074         16          0          0          0      15683   queue.o
        36          8        324          0       4096        852   startup_msp432p401r_uvision.o
       180         30          0          0          0        545   system_msp432p401r.o
      2770        362          0         60        740      27360   tasks.o
      1246        108          0         20         40      25127   timers.o

    ----------------------------------------------------------------------
     12458       1072       2044       1288      57672     169130   Object Totals
         0          0         32          0          0          0   (incl. Generated)
        26          0          0          1          5          0   (incl. Padding)

    ----------------------------------------------------------------------

      Code (inc. data)   RO Data    RW Data    ZI Data      Debug   Library Member Name

        86          0          0          0          0          0   __dczerorl2.o
         0          0          0          0          0          0   entry.o
         0          0          0          0          0          0   entry10a.o
         0          0          0          0          0          0   entry11a.o
         8          4          0          0          0          0   entry2.o
         4          0          0          0          0          0   entry5.o
         0          0          0          0          0          0   entry7b.o
         0          0          0          0          0          0   entry8b.o
         8          4          0          0          0          0   entry9a.o
        30          0          0          0          0          0   handlers.o
        36          8          0          0          0         68   init.o
        36          0          0          0          0         68   memcpya.o
        84         16        128          0          0        132   adc14.o
        38          0          0          0          0        196   cpu.o
      1002        152          0          8          0        772   cs.o
        32          8          0          0          0        232   fpu.o
       188         26          0         48          0        580   gpio.o
        76          0          0          0          0        348   i2c.o
       156         16        144          0          0        480   interrupt.o
       174          0          0          0          0        496   spi.o
       124         24          0          0          0        476   sysctl.o
        26          0          0          0          0        116   uart.o
        24          6          0          0          0        116   wdt_a.o

    ----------------------------------------------------------------------
      2146        264        272         56        704       4080   Library Totals
        14          0          0          0        704          0   (incl. Padding)

    ----------------------------------------------------------------------

      Code (inc. data)   RO Data    RW Data    ZI Data      Debug   Library Name

       208         16          0          0          0        136   mc_w.l
      1924        248        272         56          0       3944   msp432p4xx_driverlib.lib

    ----------------------------------------------------------------------
      2146        264        272         56        704       4080   Library Totals

    ----------------------------------------------------------------------

==============================================================================


      Code (inc. data)   RO Data    RW Data    ZI Data      Debug   

     14604       1336       2316       1344      58376     159494   Grand Totals
     14604       1336       2316        524      58376     159494   ELF Image Totals (compressed)
     14604       1336       2316        524          0          0   ROM Totals

==============================================================================

    Total RO  Size (Code + RO Data)                16920 (  16.52kB)
    Total RW  Size (RW Data + ZI Data)             59720 (  58.32kB)
    Total ROM Size (Code + RO Data + RW Data)      17444 (  17.04kB)

==============================================================================

